--------- beginning of main
11-09 15:22:55.654  1893  2213 I GnssLocationProvider: WakeLock acquired by sendMessage(REPORT_SV_STATUS, 0, com.android.server.location.GnssLocationProvider$SvStatusInfo@3f3d18c)
11-09 15:22:55.654  1893  1909 I GnssLocationProvider: WakeLock released by handleMessage(REPORT_SV_STATUS, 0, com.android.server.location.GnssLocationProvider$SvStatusInfo@3f3d18c)
11-09 15:22:56.495  1893  1907 E memtrack: Couldn't load memtrack module
11-09 15:22:56.495  1893  1907 W android.os.Debug: failed to get memory consumption info: -1
11-09 15:22:56.654  1893  2213 I GnssLocationProvider: WakeLock acquired by sendMessage(REPORT_SV_STATUS, 0, com.android.server.location.GnssLocationProvider$SvStatusInfo@6f110d5)
11-09 15:22:56.655  1893  1909 I GnssLocationProvider: WakeLock released by handleMessage(REPORT_SV_STATUS, 0, com.android.server.location.GnssLocationProvider$SvStatusInfo@6f110d5)
11-09 15:22:57.654  1893  2213 I GnssLocationProvider: WakeLock acquired by sendMessage(REPORT_SV_STATUS, 0, com.android.server.location.GnssLocationProvider$SvStatusInfo@18340ea)
11-09 15:22:57.654  1893  1909 I GnssLocationProvider: WakeLock released by handleMessage(REPORT_SV_STATUS, 0, com.android.server.location.GnssLocationProvider$SvStatusInfo@18340ea)
--------- beginning of system
11-09 15:22:58.104  1893  1907 I ActivityManager: Force stopping com.bmi.bmr.calculator.tracker.health.tdee appid=10107 user=0: clear data
11-09 15:22:58.105  1893  1910 I ActivityManager: Force stopping com.bmi.bmr.calculator.tracker.health.tdee appid=10107 user=-1: clearApplicationUserData
11-09 15:22:58.105  1893  1907 I ConditionProviders: Disallowing condition provider com.bmi.bmr.calculator.tracker.health.tdee
11-09 15:22:58.106  1753  1753 I keystore: clear_uid 10107
11-09 15:22:58.114  2334  2334 I GeofencerStateMachine: removeGeofences: removeRequest=RemoveGeofencingRequest[REMOVE_ALL packageName=com.bmi.bmr.calculator.tracker.health.tdee]
11-09 15:22:58.116  3333  3333 I CarrierServices: [2] RcsAutoStartReceiver.b: carrierServicesJibeServiceEnabled changed from true to true
11-09 15:22:58.116  3333  3333 I CarrierServices: [2] RcsAutoStartReceiver.b: enableRcs changed from true to true
11-09 15:22:58.125  2467 18442 I Icing   : doRemovePackageData com.bmi.bmr.calculator.tracker.health.tdee
11-09 15:22:58.126  2334 15664 I Fitness : FitCleanupIntentOperation received Intent android.intent.action.PACKAGE_DATA_CLEARED [CONTEXT service_id=17 ]
11-09 15:22:58.128  8484 15660 I ProvidersCache: Provider returned no roots. Possibly naughty: com.google.android.apps.docs.storage
11-09 15:22:58.504 11238 11238 I GoogleInputMethod: onReceive() : Action = android.intent.action.INPUT_METHOD_CHANGED
11-09 15:22:58.507 11238 11238 I GoogleInputMethod: onFinishInput() : Dummy InputConnection bound
11-09 15:22:58.508 11238 11238 I IcingNotification: IcingNotificationReceiver unregistered
11-09 15:22:58.509 11238 11238 I EmojiSearchExtension: onDestroy()
11-09 15:22:58.509 11238 11238 I EmojiSearchExtension: onDeactivate()
11-09 15:22:58.511 11238 11238 I ModuleManager: com.google.android.apps.inputmethod.libs.search.IDefaultStickerExtension changed to unavailable
11-09 15:22:58.511 11238 11238 I ModuleManager: com.google.android.apps.inputmethod.libs.search.INativeCardExtension changed to unavailable
11-09 15:22:58.511 11238 11238 I ModuleManager: com.google.android.apps.inputmethod.libs.search.IEmoticonExtension changed to unavailable
11-09 15:22:58.511 11238 11238 I ModuleManager: com.google.android.apps.inputmethod.libs.search.sense.IConversationToQueryExtension changed to unavailable
11-09 15:22:58.511 11238 11238 I Conv2QueryExtension: onDestroy()
11-09 15:22:58.511 11238 11238 I C2QClientSingleton: deregistering client 'Conv2QueryExtension'
11-09 15:22:58.511 11238 11238 I C2QClientSingleton: number of registered clients: 0
11-09 15:22:58.511 11238 11238 I ModuleManager: com.google.android.apps.inputmethod.libs.search.IEmojiDataExtension changed to unavailable
11-09 15:22:58.511 11238 11238 I EmojiDataExtension: onDestroy()
11-09 15:22:58.511 11238 11238 I ModuleManager: com.google.android.apps.inputmethod.libs.search.IGifKeyboardExtension changed to unavailable
11-09 15:22:58.511 11238 11238 I ModuleManager: com.google.android.apps.inputmethod.libs.search.IEmojiSearchExtension changed to unavailable
11-09 15:22:58.511 11238 11238 I ModuleManager: com.google.android.apps.inputmethod.libs.search.IFeatureCardNoticeExtension changed to unavailable
11-09 15:22:58.512 11238 11238 I ModuleManager: com.google.android.apps.inputmethod.libs.textediting.ITextEditingExtension changed to unavailable
11-09 15:22:58.512 11238 11238 I ModuleManager: com.google.android.apps.inputmethod.libs.search.IEmojiOrGifExtension changed to unavailable
11-09 15:22:58.512 11238 11238 I ModuleManager: com.google.android.apps.inputmethod.libs.search.IGifEntryPointCandidateExtension changed to unavailable
11-09 15:22:58.512 11238 11238 I GifEntryExtension: onDestroy()
11-09 15:22:58.512 11238 11238 I GifEntryExtension: onDeactivate()
11-09 15:22:58.512 11238 11238 I ModuleManager: com.google.android.apps.inputmethod.libs.translate.ITranslateUIExtension changed to unavailable
11-09 15:22:58.512 11238 11238 I ModuleManager: com.google.android.apps.inputmethod.libs.search.IBitmojiExtension changed to unavailable
11-09 15:22:58.512 11238 11238 I ModuleManager: com.google.android.apps.inputmethod.libs.search.IStickerExtension changed to unavailable
11-09 15:22:58.512 11238 11352 W Delight5Decoder: removePredictionEngine() : Unknown engine cvt@c40bace
11-09 15:22:58.513 11238 11238 I ModuleManager: com.google.android.apps.inputmethod.libs.pill.IPillExtension changed to unavailable
11-09 15:22:58.513 11238 11238 I ModuleManager: com.google.android.apps.inputmethod.libs.handwriting.ime.IHandwritingImeExtension changed to unavailable
11-09 15:22:58.513 11238 11238 I ModuleManager: com.google.android.apps.inputmethod.libs.hmm.superpacks.IHmmModule changed to unavailable
11-09 15:22:58.513 11238 11238 I ModuleManager: com.google.android.apps.inputmethod.libs.search.IUniversalMediaExtension changed to unavailable
11-09 15:22:58.513 11238 11238 I ModuleManager: com.google.android.apps.inputmethod.libs.search.IDoodleExtension changed to unavailable
11-09 15:22:58.547  1893  1910 W BroadcastQueue: Background execution not allowed: receiving Intent { act=android.intent.action.DROPBOX_ENTRY_ADDED flg=0x10 (has extras) } to com.google.android.gms/.stats.service.DropBoxEntryAddedReceiver
11-09 15:22:58.547  1893  1910 W BroadcastQueue: Background execution not allowed: receiving Intent { act=android.intent.action.DROPBOX_ENTRY_ADDED flg=0x10 (has extras) } to com.google.android.gms/.chimera.GmsIntentOperationService$PersistentTrustedReceiver
11-09 15:22:58.647 15726 15726 W app_process: Could not reserve sentinel fault page
11-09 15:22:58.654  1893  2213 I GnssLocationProvider: WakeLock acquired by sendMessage(REPORT_SV_STATUS, 0, com.android.server.location.GnssLocationProvider$SvStatusInfo@514b9d9)
11-09 15:22:58.654  1893  1909 I GnssLocationProvider: WakeLock released by handleMessage(REPORT_SV_STATUS, 0, com.android.server.location.GnssLocationProvider$SvStatusInfo@514b9d9)
11-09 15:22:58.684 15726 15726 W app_process: Unexpected CPU variant for X86 using defaults: x86
11-09 15:22:58.686 15726 15726 I app_process: The ClassLoaderContext is a special shared library.
11-09 15:22:58.710 15726 15726 I Input   : injectKeyEvent: KeyEvent { action=ACTION_DOWN, keyCode=KEYCODE_MENU, scanCode=0, metaState=0, flags=0x0, repeatCount=0, eventTime=35032277, downTime=35032277, deviceId=-1, source=0x101 }
11-09 15:22:58.713 15726 15726 I Input   : injectKeyEvent: KeyEvent { action=ACTION_UP, keyCode=KEYCODE_MENU, scanCode=0, metaState=0, flags=0x0, repeatCount=0, eventTime=35032277, downTime=35032277, deviceId=-1, source=0x101 }
11-09 15:22:58.831 15737 15737 W app_process: Unexpected CPU variant for X86 using defaults: x86
11-09 15:22:58.832 15737 15737 I app_process: The ClassLoaderContext is a special shared library.
11-09 15:22:58.833  2661  2661 I MicroDetectionWorker: #startMicroDetector [speakerMode: 0]
11-09 15:22:58.833  2661  2661 I AudioController: Using mInputStreamFactoryBuilder
11-09 15:22:58.833  2661  2661 I AudioController: Created new AudioSource
11-09 15:22:58.834  2661  2661 I MicroDetectionWorker: onReady
11-09 15:22:58.839  2661 11313 I MicroRecognitionRunner: Starting detection.
11-09 15:22:58.840  2661  8522 I MicrophoneInputStream: mic_starting  SR : 16000 CC : 16 SO : 6
11-09 15:22:58.841  1649  1649 E         : Request requires android.permission.RECORD_AUDIO
11-09 15:22:58.841  1649  1649 E AudioPolicyIntefaceImpl: getInputForAttr permission denied: recording not allowed for uid 10040 pid 2661
11-09 15:22:58.841  1649  1649 E AudioFlinger: createRecord() checkRecordThread_l failed
11-09 15:22:58.841  2661  8522 E IAudioFlinger: createRecord returned error -22
11-09 15:22:58.841  2661  8522 E AudioRecord: AudioFlinger could not create record track, status: -22
11-09 15:22:58.841  2661  8522 E AudioRecord-JNI: Error creating AudioRecord instance: initialization check failed with status -22.
11-09 15:22:58.841  2661  8522 E android.media.AudioRecord: Error code -20 when initializing native AudioRecord object.
11-09 15:22:58.841  2661  8522 I MicrophoneInputStream: mic_started  SR : 16000 CC : 16 SO : 6
11-09 15:22:58.842  2661  8522 E ActivityThread: Failed to find provider info for com.google.android.apps.gsa.testing.ui.audio.recorded
11-09 15:22:58.842  2661  2661 I MicroDetectionWorker: onReady
11-09 15:22:58.843 15737 15737 I Input   : injectKeyEvent: KeyEvent { action=ACTION_DOWN, keyCode=KEYCODE_BACK, scanCode=0, metaState=0, flags=0x0, repeatCount=0, eventTime=35032410, downTime=35032410, deviceId=-1, source=0x101 }
11-09 15:22:58.843  2661  8522 I MicrophoneInputStream: mic_close  SR : 16000 CC : 16 SO : 6
11-09 15:22:58.843  2661 11313 I MicroRecognitionRunner: Detection finished
11-09 15:22:58.844  2661 11313 W ErrorReporter: reportError [type: 211, code: 524300]: Error reading from input stream
11-09 15:22:58.844  2661  3043 I MicroRecognitionRunner: Stopping hotword detection.
11-09 15:22:58.844  2661 11313 W ErrorProcessor: onFatalError, processing error from engine(4)
11-09 15:22:58.844  2661 11313 W ErrorProcessor: com.google.android.apps.gsa.shared.speech.b.g: Error reading from input stream
11-09 15:22:58.844  2661 11313 W ErrorProcessor: 	at com.google.android.apps.gsa.staticplugins.microdetection.d.k.a(SourceFile:91)
11-09 15:22:58.844  2661 11313 W ErrorProcessor: 	at com.google.android.apps.gsa.staticplugins.microdetection.d.l.run(Unknown Source:14)
11-09 15:22:58.844  2661 11313 W ErrorProcessor: 	at com.google.android.libraries.gsa.runner.a.a.b(SourceFile:32)
11-09 15:22:58.844  2661 11313 W ErrorProcessor: 	at com.google.android.libraries.gsa.runner.a.c.call(Unknown Source:4)
11-09 15:22:58.844  2661 11313 W ErrorProcessor: 	at java.util.concurrent.FutureTask.run(FutureTask.java:266)
11-09 15:22:58.844  2661 11313 W ErrorProcessor: 	at java.util.concurrent.Executors$RunnableAdapter.call(Executors.java:458)
11-09 15:22:58.844  2661 11313 W ErrorProcessor: 	at java.util.concurrent.FutureTask.run(FutureTask.java:266)
11-09 15:22:58.844  2661 11313 W ErrorProcessor: 	at com.google.android.apps.gsa.shared.util.concurrent.b.g.run(Unknown Source:4)
11-09 15:22:58.844  2661 11313 W ErrorProcessor: 	at com.google.android.apps.gsa.shared.util.concurrent.b.aw.run(SourceFile:4)
11-09 15:22:58.844  2661 11313 W ErrorProcessor: 	at com.google.android.apps.gsa.shared.util.concurrent.b.aw.run(SourceFile:4)
11-09 15:22:58.844  2661 11313 W ErrorProcessor: 	at java.util.concurrent.ThreadPoolExecutor.runWorker(ThreadPoolExecutor.java:1167)
11-09 15:22:58.844  2661 11313 W ErrorProcessor: 	at java.util.concurrent.ThreadPoolExecutor$Worker.run(ThreadPoolExecutor.java:641)
11-09 15:22:58.844  2661 11313 W ErrorProcessor: 	at java.lang.Thread.run(Thread.java:764)
11-09 15:22:58.844  2661 11313 W ErrorProcessor: 	at com.google.android.apps.gsa.shared.util.concurrent.b.i.run(SourceFile:6)
11-09 15:22:58.844  2661 11313 W ErrorProcessor: Caused by: com.google.android.apps.gsa.shared.exception.GsaIOException: Error code: 393238 | Buffer overflow, no available space.
11-09 15:22:58.844  2661 11313 W ErrorProcessor: 	at com.google.android.apps.gsa.speech.audio.Tee.j(SourceFile:103)
11-09 15:22:58.844  2661 11313 W ErrorProcessor: 	at com.google.android.apps.gsa.speech.audio.au.read(SourceFile:2)
11-09 15:22:58.844  2661 11313 W ErrorProcessor: 	at java.io.InputStream.read(InputStream.java:101)
11-09 15:22:58.844  2661 11313 W ErrorProcessor: 	at com.google.android.apps.gsa.speech.audio.ao.run(SourceFile:17)
11-09 15:22:58.844  2661 11313 W ErrorProcessor: 	at com.google.android.apps.gsa.speech.audio.an.run(SourceFile:2)
11-09 15:22:58.844  2661 11313 W ErrorProcessor: 	at java.util.concurrent.Executors$RunnableAdapter.call(Executors.java:458)
11-09 15:22:58.844  2661 11313 W ErrorProcessor: 	... 10 more
11-09 15:22:58.844  2661 11313 I AudioController: internalShutdown
11-09 15:22:58.845  2661  2661 I MicroDetector: Keeping mic open: false
11-09 15:22:58.845  2661  2661 I MicroDetectionWorker: #onError(false)
11-09 15:22:58.845  2661 18181 I DeviceStateChecker: DeviceStateChecker cancelled
11-09 15:22:58.851 15737 15737 I Input   : injectKeyEvent: KeyEvent { action=ACTION_UP, keyCode=KEYCODE_BACK, scanCode=0, metaState=0, flags=0x0, repeatCount=0, eventTime=35032410, downTime=35032410, deviceId=-1, source=0x101 }
11-09 15:22:59.003  1747  2073 E SurfaceFlinger: ro.sf.lcd_density must be defined as a build property
11-09 15:22:59.015 15769 15769 E eglCodecCommon: GoldfishAddressSpaceHostMemoryAllocator: ioctl_ping failed for device_type=5, ret=-1
11-09 15:22:59.357  1893  1910 W BroadcastQueue: Background execution not allowed: receiving Intent { act=android.intent.action.DROPBOX_ENTRY_ADDED flg=0x10 (has extras) } to com.google.android.gms/.stats.service.DropBoxEntryAddedReceiver
11-09 15:22:59.357  1893  1910 W BroadcastQueue: Background execution not allowed: receiving Intent { act=android.intent.action.DROPBOX_ENTRY_ADDED flg=0x10 (has extras) } to com.google.android.gms/.chimera.GmsIntentOperationService$PersistentTrustedReceiver
11-09 15:22:59.391  1893  9522 I ActivityManager: Force stopping com.bmi.bmr.calculator.tracker.health.tdee appid=10107 user=0: from pid 15793
11-09 15:22:59.524 15795 15795 W app_process: Unexpected CPU variant for X86 using defaults: x86
11-09 15:22:59.526 15795 15795 I app_process: The ClassLoaderContext is a special shared library.
11-09 15:22:59.544 15795 15795 I Input   : injectKeyEvent: KeyEvent { action=ACTION_DOWN, keyCode=KEYCODE_HOME, scanCode=0, metaState=0, flags=0x0, repeatCount=0, eventTime=35033112, downTime=35033112, deviceId=-1, source=0x101 }
11-09 15:22:59.546 15795 15795 I Input   : injectKeyEvent: KeyEvent { action=ACTION_UP, keyCode=KEYCODE_HOME, scanCode=0, metaState=0, flags=0x0, repeatCount=0, eventTime=35033112, downTime=35033112, deviceId=-1, source=0x101 }
11-09 15:22:59.547  1893  1987 I ActivityManager: START u0 {act=android.intent.action.MAIN cat=[android.intent.category.HOME] flg=0x10200000 cmp=com.google.android.apps.nexuslauncher/.NexusLauncherActivity (has extras)} from uid 1000
11-09 15:22:59.548  2037  2037 I vol.Events: writeEvent dismiss_dialog volume_controller
11-09 15:22:59.655  1893  2213 I GnssLocationProvider: WakeLock acquired by sendMessage(REPORT_SV_STATUS, 0, com.android.server.location.GnssLocationProvider$SvStatusInfo@a22c202)
11-09 15:22:59.655  1893  1909 I GnssLocationProvider: WakeLock released by handleMessage(REPORT_SV_STATUS, 0, com.android.server.location.GnssLocationProvider$SvStatusInfo@a22c202)
11-09 15:23:00.654  1893  2213 I GnssLocationProvider: WakeLock acquired by sendMessage(REPORT_SV_STATUS, 0, com.android.server.location.GnssLocationProvider$SvStatusInfo@30acb49)
11-09 15:23:00.654  1893  1909 I GnssLocationProvider: WakeLock released by handleMessage(REPORT_SV_STATUS, 0, com.android.server.location.GnssLocationProvider$SvStatusInfo@30acb49)
11-09 15:23:00.681  1747  2025 E SurfaceFlinger: ro.sf.lcd_density must be defined as a build property
11-09 15:23:00.694 15824 15824 E eglCodecCommon: GoldfishAddressSpaceHostMemoryAllocator: ioctl_ping failed for device_type=5, ret=-1
11-09 15:23:01.063  1893  1910 W BroadcastQueue: Background execution not allowed: receiving Intent { act=android.intent.action.DROPBOX_ENTRY_ADDED flg=0x10 (has extras) } to com.google.android.gms/.stats.service.DropBoxEntryAddedReceiver
11-09 15:23:01.064  1893  1910 W BroadcastQueue: Background execution not allowed: receiving Intent { act=android.intent.action.DROPBOX_ENTRY_ADDED flg=0x10 (has extras) } to com.google.android.gms/.chimera.GmsIntentOperationService$PersistentTrustedReceiver
11-09 15:23:01.168  1747  2025 E SurfaceFlinger: ro.sf.lcd_density must be defined as a build property
11-09 15:23:01.175 15855 15855 E eglCodecCommon: GoldfishAddressSpaceHostMemoryAllocator: ioctl_ping failed for device_type=5, ret=-1
11-09 15:23:01.473  1893  1910 W BroadcastQueue: Background execution not allowed: receiving Intent { act=android.intent.action.DROPBOX_ENTRY_ADDED flg=0x10 (has extras) } to com.google.android.gms/.stats.service.DropBoxEntryAddedReceiver
11-09 15:23:01.473  1893  1910 W BroadcastQueue: Background execution not allowed: receiving Intent { act=android.intent.action.DROPBOX_ENTRY_ADDED flg=0x10 (has extras) } to com.google.android.gms/.chimera.GmsIntentOperationService$PersistentTrustedReceiver
11-09 15:23:01.588  1747  2025 E SurfaceFlinger: ro.sf.lcd_density must be defined as a build property
11-09 15:23:01.598 15887 15887 E eglCodecCommon: GoldfishAddressSpaceHostMemoryAllocator: ioctl_ping failed for device_type=5, ret=-1
11-09 15:23:01.654  1893  2213 I GnssLocationProvider: WakeLock acquired by sendMessage(REPORT_SV_STATUS, 0, com.android.server.location.GnssLocationProvider$SvStatusInfo@9d63b03)
11-09 15:23:01.654  1893  1909 I GnssLocationProvider: WakeLock released by handleMessage(REPORT_SV_STATUS, 0, com.android.server.location.GnssLocationProvider$SvStatusInfo@9d63b03)
11-09 15:23:01.949  1893  1910 W BroadcastQueue: Background execution not allowed: receiving Intent { act=android.intent.action.DROPBOX_ENTRY_ADDED flg=0x10 (has extras) } to com.google.android.gms/.stats.service.DropBoxEntryAddedReceiver
11-09 15:23:01.949  1893  1910 W BroadcastQueue: Background execution not allowed: receiving Intent { act=android.intent.action.DROPBOX_ENTRY_ADDED flg=0x10 (has extras) } to com.google.android.gms/.chimera.GmsIntentOperationService$PersistentTrustedReceiver
11-09 15:23:01.991  1893 10601 I ActivityManager: START u0 {act=android.intent.action.MAIN cat=[android.intent.category.LAUNCHER] flg=0x10000000 cmp=com.bmi.bmr.calculator.tracker.health.tdee/.ActivityBMR} from uid 0
11-09 15:23:02.013 15913 15913 W ker.health.tde: Unexpected CPU variant for X86 using defaults: x86
11-09 15:23:02.013  1893  1912 I ActivityManager: Start proc 15913:com.bmi.bmr.calculator.tracker.health.tdee/u0a107 for activity com.bmi.bmr.calculator.tracker.health.tdee/.ActivityBMR
11-09 15:23:02.042 15913 15913 I FirebaseApp: Device unlocked: initializing all Firebase APIs for app [DEFAULT]
11-09 15:23:02.043 15913 15913 I FirebaseCrashlytics: Initializing Firebase Crashlytics 18.3.2 for com.bmi.bmr.calculator.tracker.health.tdee
11-09 15:23:02.072 15913 15933 W ker.health.tde: Unsupported class loader
11-09 15:23:02.098 15913 15935 E FirebaseCrashlytics: Settings request failed.
11-09 15:23:02.102 15913 15933 W ker.health.tde: Skipping duplicate class check due to unsupported classloader
11-09 15:23:02.102 15913 15913 I FirebaseInitProvider: FirebaseApp initialization successful
11-09 15:23:02.112 15913 15933 I DynamiteModule: Considering local module com.google.android.gms.measurement.dynamite:86 and remote module com.google.android.gms.measurement.dynamite:15
11-09 15:23:02.112 15913 15933 I DynamiteModule: Selected local version of com.google.android.gms.measurement.dynamite
11-09 15:23:02.114 15913 15913 W ker.health.tde: Accessing hidden method Landroid/content/res/Resources$Theme;->rebase()V (dark greylist, linking)
11-09 15:23:02.114 15913 15913 W ker.health.tde: Accessing hidden method Landroid/view/View;->setTransitionVisibility(I)V (dark greylist, linking)
11-09 15:23:02.144 15913 15947 I FA      : App measurement initialized, version: 74029
11-09 15:23:02.144 15913 15947 I FA      : To enable debug logging run: adb shell setprop log.tag.FA VERBOSE
11-09 15:23:02.144 15913 15947 I FA      : To enable faster debug mode event logging run:
11-09 15:23:02.144 15913 15947 I FA      :   adb shell setprop debug.firebase.analytics.app com.bmi.bmr.calculator.tracker.health.tdee
11-09 15:23:02.171  1747  2073 E SurfaceFlinger: ro.sf.lcd_density must be defined as a build property
11-09 15:23:02.186 15913 15947 I FA      : Tag Manager is not found and thus will not be used
11-09 15:23:02.219 15913 15951 I ConfigStore: android::hardware::configstore::V1_0::ISurfaceFlingerConfigs::hasWideColorDisplay retrieved: 0
11-09 15:23:02.219 15913 15951 I ConfigStore: android::hardware::configstore::V1_0::ISurfaceFlingerConfigs::hasHDRDisplay retrieved: 0
11-09 15:23:02.219 15913 15951 I OpenGLRenderer: Initialized EGL, version 1.4
11-09 15:23:02.219 15913 15951 W OpenGLRenderer: Failed to choose config with EGL_SWAP_BEHAVIOR_PRESERVED, retrying without...
11-09 15:23:02.224 15913 15951 E eglCodecCommon: glUtilsParamSize: unknow param 0x000082da
11-09 15:23:02.224 15913 15951 E eglCodecCommon: glUtilsParamSize: unknow param 0x000082da
11-09 15:23:02.224  1747  1780 E SurfaceFlinger: ro.sf.lcd_density must be defined as a build property
11-09 15:23:02.244 15913 15951 E eglCodecCommon: GoldfishAddressSpaceHostMemoryAllocator: ioctl_ping failed for device_type=5, ret=-1
11-09 15:23:02.266  2643  2738 I mit.droidbotap: Background concurrent copying GC freed 55172(2MB) AllocSpace objects, 107(3MB) LOS objects, 6% free, 92MB/98MB, paused 321us total 242.418ms
11-09 15:23:02.267  1893  1918 I ActivityManager: Displayed com.bmi.bmr.calculator.tracker.health.tdee/.ActivityBMR: +261ms (total +19m15s45ms)
11-09 15:23:02.399  1747  1747 W SurfaceFlinger: couldn't log to binary event log: overflow.
11-09 15:23:02.399  1747  1747 W SurfaceFlinger: couldn't log to binary event log: overflow.
11-09 15:23:02.421  1747  1796 W SurfaceFlinger: Attempting to set client state on removed layer: Splash Screen com.bmi.bmr.calculator.tracker.health.tdee#0
11-09 15:23:02.421  1747  1796 W SurfaceFlinger: Attempting to destroy on removed layer: Splash Screen com.bmi.bmr.calculator.tracker.health.tdee#0
11-09 15:23:02.546  2661  8522 I PBSessionCacheImpl: Deleted sessionId[566751404619] from persistence.
11-09 15:23:02.553  2661  2661 W SearchService: Abort, client detached.
11-09 15:23:02.588  2661 18181 I WorkController: WorkProxy is not enqueued because WorkController is disposed: WorkProxy{Name=context::j, WorkerId=context, id=f4a5a62}
11-09 15:23:02.588  2661 18181 I WorkController: WorkProxy is not enqueued because WorkController is disposed: WorkProxy{Name=context::m, WorkerId=context, id=3fe87f3}
11-09 15:23:02.588  2661 18181 I WorkController: WorkProxy is not enqueued because WorkController is disposed: WorkProxy{Name=context::n, WorkerId=context, id=9be1cb0}
11-09 15:23:02.588  2661 18181 I WorkController: WorkProxy is not enqueued because WorkController is disposed: WorkProxy{Name=context::p, WorkerId=context, id=2d00729}
11-09 15:23:02.654  1893  2213 I GnssLocationProvider: WakeLock acquired by sendMessage(REPORT_SV_STATUS, 0, com.android.server.location.GnssLocationProvider$SvStatusInfo@fe53135)
11-09 15:23:02.654  1893  1909 I GnssLocationProvider: WakeLock released by handleMessage(REPORT_SV_STATUS, 0, com.android.server.location.GnssLocationProvider$SvStatusInfo@fe53135)
11-09 15:23:03.111  1747  2073 E SurfaceFlinger: ro.sf.lcd_density must be defined as a build property
11-09 15:23:03.122 15984 15984 E eglCodecCommon: GoldfishAddressSpaceHostMemoryAllocator: ioctl_ping failed for device_type=5, ret=-1
11-09 15:23:03.385  1893  1910 W BroadcastQueue: Background execution not allowed: receiving Intent { act=android.intent.action.DROPBOX_ENTRY_ADDED flg=0x10 (has extras) } to com.google.android.gms/.stats.service.DropBoxEntryAddedReceiver
11-09 15:23:03.385  1893  1910 W BroadcastQueue: Background execution not allowed: receiving Intent { act=android.intent.action.DROPBOX_ENTRY_ADDED flg=0x10 (has extras) } to com.google.android.gms/.chimera.GmsIntentOperationService$PersistentTrustedReceiver
11-09 15:23:03.488  1747  2073 E SurfaceFlinger: ro.sf.lcd_density must be defined as a build property
11-09 15:23:03.496 16015 16015 E eglCodecCommon: GoldfishAddressSpaceHostMemoryAllocator: ioctl_ping failed for device_type=5, ret=-1
11-09 15:23:03.654  1893  2213 I GnssLocationProvider: WakeLock acquired by sendMessage(REPORT_SV_STATUS, 0, com.android.server.location.GnssLocationProvider$SvStatusInfo@3e78d88)
11-09 15:23:03.654  1893  1909 I GnssLocationProvider: WakeLock released by handleMessage(REPORT_SV_STATUS, 0, com.android.server.location.GnssLocationProvider$SvStatusInfo@3e78d88)
11-09 15:23:03.749  1893  1910 W BroadcastQueue: Background execution not allowed: receiving Intent { act=android.intent.action.DROPBOX_ENTRY_ADDED flg=0x10 (has extras) } to com.google.android.gms/.stats.service.DropBoxEntryAddedReceiver
11-09 15:23:03.749  1893  1910 W BroadcastQueue: Background execution not allowed: receiving Intent { act=android.intent.action.DROPBOX_ENTRY_ADDED flg=0x10 (has extras) } to com.google.android.gms/.chimera.GmsIntentOperationService$PersistentTrustedReceiver
11-09 15:23:03.867  1747  1796 E SurfaceFlinger: ro.sf.lcd_density must be defined as a build property
11-09 15:23:03.874 16050 16050 E eglCodecCommon: GoldfishAddressSpaceHostMemoryAllocator: ioctl_ping failed for device_type=5, ret=-1
11-09 15:23:04.111  1893  1910 W BroadcastQueue: Background execution not allowed: receiving Intent { act=android.intent.action.DROPBOX_ENTRY_ADDED flg=0x10 (has extras) } to com.google.android.gms/.stats.service.DropBoxEntryAddedReceiver
11-09 15:23:04.111  1893  1910 W BroadcastQueue: Background execution not allowed: receiving Intent { act=android.intent.action.DROPBOX_ENTRY_ADDED flg=0x10 (has extras) } to com.google.android.gms/.chimera.GmsIntentOperationService$PersistentTrustedReceiver
11-09 15:23:04.138  1893  1910 W BroadcastQueue: Background execution not allowed: receiving Intent { act=android.intent.action.DROPBOX_ENTRY_ADDED flg=0x10 (has extras) } to com.google.android.gms/.stats.service.DropBoxEntryAddedReceiver
11-09 15:23:04.138  1893  1910 W BroadcastQueue: Background execution not allowed: receiving Intent { act=android.intent.action.DROPBOX_ENTRY_ADDED flg=0x10 (has extras) } to com.google.android.gms/.chimera.GmsIntentOperationService$PersistentTrustedReceiver
11-09 15:23:04.177  1893  1910 W BroadcastQueue: Background execution not allowed: receiving Intent { act=android.intent.action.DROPBOX_ENTRY_ADDED flg=0x10 (has extras) } to com.google.android.gms/.stats.service.DropBoxEntryAddedReceiver
11-09 15:23:04.177  1893  1910 W BroadcastQueue: Background execution not allowed: receiving Intent { act=android.intent.action.DROPBOX_ENTRY_ADDED flg=0x10 (has extras) } to com.google.android.gms/.chimera.GmsIntentOperationService$PersistentTrustedReceiver
11-09 15:23:04.204  1893  1910 W BroadcastQueue: Background execution not allowed: receiving Intent { act=android.intent.action.DROPBOX_ENTRY_ADDED flg=0x10 (has extras) } to com.google.android.gms/.stats.service.DropBoxEntryAddedReceiver
11-09 15:23:04.204  1893  1910 W BroadcastQueue: Background execution not allowed: receiving Intent { act=android.intent.action.DROPBOX_ENTRY_ADDED flg=0x10 (has extras) } to com.google.android.gms/.chimera.GmsIntentOperationService$PersistentTrustedReceiver
11-09 15:23:04.319 16095 16095 W app_process: Unexpected CPU variant for X86 using defaults: x86
11-09 15:23:04.320 16095 16095 I app_process: The ClassLoaderContext is a special shared library.
11-09 15:23:04.341 16095 16095 I Input   : injectMotionEvent: MotionEvent { action=ACTION_DOWN, actionButton=0, id[0]=0, x[0]=621.0, y[0]=590.0, toolType[0]=TOOL_TYPE_UNKNOWN, buttonState=0, metaState=0, flags=0x0, edgeFlags=0x0, pointerCount=1, historySize=0, eventTime=35037907, downTime=35037907, deviceId=0, source=0x1002 }
11-09 15:23:04.342 16095 16095 I Input   : injectMotionEvent: MotionEvent { action=ACTION_MOVE, actionButton=0, id[0]=0, x[0]=621.0, y[0]=590.0, toolType[0]=TOOL_TYPE_UNKNOWN, buttonState=0, metaState=0, flags=0x0, edgeFlags=0x0, pointerCount=1, historySize=0, eventTime=35037907, downTime=35037907, deviceId=0, source=0x1002 }
11-09 15:23:04.350 16095 16095 I Input   : injectMotionEvent: MotionEvent { action=ACTION_MOVE, actionButton=0, id[0]=0, x[0]=621.0, y[0]=590.0, toolType[0]=TOOL_TYPE_UNKNOWN, buttonState=0, metaState=0, flags=0x0, edgeFlags=0x0, pointerCount=1, historySize=0, eventTime=35037918, downTime=35037918, deviceId=0, source=0x1002 }
11-09 15:23:04.367 16095 16095 I Input   : injectMotionEvent: MotionEvent { action=ACTION_MOVE, actionButton=0, id[0]=0, x[0]=621.0, y[0]=590.0, toolType[0]=TOOL_TYPE_UNKNOWN, buttonState=0, metaState=0, flags=0x0, edgeFlags=0x0, pointerCount=1, historySize=0, eventTime=35037935, downTime=35037935, deviceId=0, source=0x1002 }
11-09 15:23:04.384 16095 16095 I Input   : injectMotionEvent: MotionEvent { action=ACTION_MOVE, actionButton=0, id[0]=0, x[0]=621.0, y[0]=590.0, toolType[0]=TOOL_TYPE_UNKNOWN, buttonState=0, metaState=0, flags=0x0, edgeFlags=0x0, pointerCount=1, historySize=0, eventTime=35037952, downTime=35037952, deviceId=0, source=0x1002 }
11-09 15:23:04.401 16095 16095 I Input   : injectMotionEvent: MotionEvent { action=ACTION_MOVE, actionButton=0, id[0]=0, x[0]=621.0, y[0]=590.0, toolType[0]=TOOL_TYPE_UNKNOWN, buttonState=0, metaState=0, flags=0x0, edgeFlags=0x0, pointerCount=1, historySize=0, eventTime=35037968, downTime=35037968, deviceId=0, source=0x1002 }
11-09 15:23:04.418 16095 16095 I Input   : injectMotionEvent: MotionEvent { action=ACTION_MOVE, actionButton=0, id[0]=0, x[0]=621.0, y[0]=590.0, toolType[0]=TOOL_TYPE_UNKNOWN, buttonState=0, metaState=0, flags=0x0, edgeFlags=0x0, pointerCount=1, historySize=0, eventTime=35037985, downTime=35037985, deviceId=0, source=0x1002 }
11-09 15:23:04.435 16095 16095 I Input   : injectMotionEvent: MotionEvent { action=ACTION_MOVE, actionButton=0, id[0]=0, x[0]=621.0, y[0]=590.0, toolType[0]=TOOL_TYPE_UNKNOWN, buttonState=0, metaState=0, flags=0x0, edgeFlags=0x0, pointerCount=1, historySize=0, eventTime=35038002, downTime=35038002, deviceId=0, source=0x1002 }
11-09 15:23:04.452 16095 16095 I Input   : injectMotionEvent: MotionEvent { action=ACTION_MOVE, actionButton=0, id[0]=0, x[0]=621.0, y[0]=590.0, toolType[0]=TOOL_TYPE_UNKNOWN, buttonState=0, metaState=0, flags=0x0, edgeFlags=0x0, pointerCount=1, historySize=0, eventTime=35038019, downTime=35038019, deviceId=0, source=0x1002 }
11-09 15:23:04.469 16095 16095 I Input   : injectMotionEvent: MotionEvent { action=ACTION_MOVE, actionButton=0, id[0]=0, x[0]=621.0, y[0]=590.0, toolType[0]=TOOL_TYPE_UNKNOWN, buttonState=0, metaState=0, flags=0x0, edgeFlags=0x0, pointerCount=1, historySize=0, eventTime=35038036, downTime=35038036, deviceId=0, source=0x1002 }
11-09 15:23:04.485 16095 16095 I Input   : injectMotionEvent: MotionEvent { action=ACTION_MOVE, actionButton=0, id[0]=0, x[0]=621.0, y[0]=590.0, toolType[0]=TOOL_TYPE_UNKNOWN, buttonState=0, metaState=0, flags=0x0, edgeFlags=0x0, pointerCount=1, historySize=0, eventTime=35038053, downTime=35038053, deviceId=0, source=0x1002 }
11-09 15:23:04.504 16095 16095 I Input   : injectMotionEvent: MotionEvent { action=ACTION_MOVE, actionButton=0, id[0]=0, x[0]=621.0, y[0]=590.0, toolType[0]=TOOL_TYPE_UNKNOWN, buttonState=0, metaState=0, flags=0x0, edgeFlags=0x0, pointerCount=1, historySize=0, eventTime=35038071, downTime=35038071, deviceId=0, source=0x1002 }
11-09 15:23:04.519 16095 16095 I Input   : injectMotionEvent: MotionEvent { action=ACTION_MOVE, actionButton=0, id[0]=0, x[0]=621.0, y[0]=590.0, toolType[0]=TOOL_TYPE_UNKNOWN, buttonState=0, metaState=0, flags=0x0, edgeFlags=0x0, pointerCount=1, historySize=0, eventTime=35038087, downTime=35038087, deviceId=0, source=0x1002 }
11-09 15:23:04.536 16095 16095 I Input   : injectMotionEvent: MotionEvent { action=ACTION_MOVE, actionButton=0, id[0]=0, x[0]=621.0, y[0]=590.0, toolType[0]=TOOL_TYPE_UNKNOWN, buttonState=0, metaState=0, flags=0x0, edgeFlags=0x0, pointerCount=1, historySize=0, eventTime=35038103, downTime=35038103, deviceId=0, source=0x1002 }
11-09 15:23:04.553 16095 16095 I Input   : injectMotionEvent: MotionEvent { action=ACTION_UP, actionButton=0, id[0]=0, x[0]=621.0, y[0]=590.0, toolType[0]=TOOL_TYPE_UNKNOWN, buttonState=0, metaState=0, flags=0x0, edgeFlags=0x0, pointerCount=1, historySize=0, eventTime=35038120, downTime=35038120, deviceId=0, source=0x1002 }
11-09 15:23:04.574 15913 15913 I AssistStructure: Flattened final assist data: 5908 bytes, containing 1 windows, 20 views
11-09 15:23:04.590  1893  2406 I AssistStructure: Flattened final assist data: 5268 bytes, containing 1 windows, 20 views
11-09 15:23:04.594  2334  2334 W ktk     : Pending fill request while another request in the same session was triggered. [CONTEXT service_id=177 ]
11-09 15:23:04.607  1641  1641 I chatty  : uid=1000(system) allocator@2.0-s identical 1 line
11-09 15:23:04.654  1893  2213 I GnssLocationProvider: WakeLock acquired by sendMessage(REPORT_SV_STATUS, 0, com.android.server.location.GnssLocationProvider$SvStatusInfo@5de6b56)
11-09 15:23:04.655  1893  1909 I GnssLocationProvider: WakeLock released by handleMessage(REPORT_SV_STATUS, 0, com.android.server.location.GnssLocationProvider$SvStatusInfo@5de6b56)
11-09 15:23:04.689  2643  2738 I mit.droidbotap: Background concurrent copying GC freed 64828(2MB) AllocSpace objects, 120(3MB) LOS objects, 6% free, 92MB/98MB, paused 311us total 107.204ms
11-09 15:23:04.690 16106 16106 W app_process: Unexpected CPU variant for X86 using defaults: x86
11-09 15:23:04.691 16106 16106 I app_process: The ClassLoaderContext is a special shared library.
11-09 15:23:04.702 16106 16106 I Input   : injectKeyEvent: KeyEvent { action=ACTION_DOWN, keyCode=KEYCODE_1, scanCode=0, metaState=0, flags=0x0, repeatCount=0, eventTime=35038269, downTime=35038269, deviceId=-1, source=0x101 }
11-09 15:23:04.706 16106 16106 I Input   : injectKeyEvent: KeyEvent { action=ACTION_UP, keyCode=KEYCODE_1, scanCode=0, metaState=0, flags=0x0, repeatCount=0, eventTime=35038269, downTime=35038269, deviceId=-1, source=0x101 }
11-09 15:23:04.724 16106 16106 I Input   : injectKeyEvent: KeyEvent { action=ACTION_DOWN, keyCode=KEYCODE_8, scanCode=0, metaState=0, flags=0x0, repeatCount=0, eventTime=35038269, downTime=35038269, deviceId=-1, source=0x101 }
11-09 15:23:04.727 16106 16106 I Input   : injectKeyEvent: KeyEvent { action=ACTION_UP, keyCode=KEYCODE_8, scanCode=0, metaState=0, flags=0x0, repeatCount=0, eventTime=35038269, downTime=35038269, deviceId=-1, source=0x101 }
11-09 15:23:05.656  1893  2213 I GnssLocationProvider: WakeLock acquired by sendMessage(REPORT_SV_STATUS, 0, com.android.server.location.GnssLocationProvider$SvStatusInfo@113d8c4)
11-09 15:23:05.656  1893  1909 I GnssLocationProvider: WakeLock released by handleMessage(REPORT_SV_STATUS, 0, com.android.server.location.GnssLocationProvider$SvStatusInfo@113d8c4)
11-09 15:23:05.669  1893  1909 E memtrack: Couldn't load memtrack module
11-09 15:23:05.669  1893  1909 W android.os.Debug: failed to get memory consumption info: -1
11-09 15:23:05.699  1893  1909 E memtrack: Couldn't load memtrack module
11-09 15:23:05.699  1893  1909 W android.os.Debug: failed to get memory consumption info: -1
11-09 15:23:05.858  1747  2025 E SurfaceFlinger: ro.sf.lcd_density must be defined as a build property
11-09 15:23:05.873 16139 16139 E eglCodecCommon: GoldfishAddressSpaceHostMemoryAllocator: ioctl_ping failed for device_type=5, ret=-1
11-09 15:23:06.150  1893  1910 W BroadcastQueue: Background execution not allowed: receiving Intent { act=android.intent.action.DROPBOX_ENTRY_ADDED flg=0x10 (has extras) } to com.google.android.gms/.stats.service.DropBoxEntryAddedReceiver
11-09 15:23:06.150  1893  1910 W BroadcastQueue: Background execution not allowed: receiving Intent { act=android.intent.action.DROPBOX_ENTRY_ADDED flg=0x10 (has extras) } to com.google.android.gms/.chimera.GmsIntentOperationService$PersistentTrustedReceiver
11-09 15:23:06.360  1747  2025 E SurfaceFlinger: ro.sf.lcd_density must be defined as a build property
11-09 15:23:06.368 16170 16170 E eglCodecCommon: GoldfishAddressSpaceHostMemoryAllocator: ioctl_ping failed for device_type=5, ret=-1
11-09 15:23:06.609  1893  1910 W BroadcastQueue: Background execution not allowed: receiving Intent { act=android.intent.action.DROPBOX_ENTRY_ADDED flg=0x10 (has extras) } to com.google.android.gms/.stats.service.DropBoxEntryAddedReceiver
11-09 15:23:06.609  1893  1910 W BroadcastQueue: Background execution not allowed: receiving Intent { act=android.intent.action.DROPBOX_ENTRY_ADDED flg=0x10 (has extras) } to com.google.android.gms/.chimera.GmsIntentOperationService$PersistentTrustedReceiver
11-09 15:23:06.654  1893  2213 I GnssLocationProvider: WakeLock acquired by sendMessage(REPORT_SV_STATUS, 0, com.android.server.location.GnssLocationProvider$SvStatusInfo@2065606)
11-09 15:23:06.655  1893  1909 I GnssLocationProvider: WakeLock released by handleMessage(REPORT_SV_STATUS, 0, com.android.server.location.GnssLocationProvider$SvStatusInfo@2065606)
11-09 15:23:06.768  1747  2025 E SurfaceFlinger: ro.sf.lcd_density must be defined as a build property
11-09 15:23:06.778 16201 16201 E eglCodecCommon: GoldfishAddressSpaceHostMemoryAllocator: ioctl_ping failed for device_type=5, ret=-1
11-09 15:23:07.006  1893  1910 W BroadcastQueue: Background execution not allowed: receiving Intent { act=android.intent.action.DROPBOX_ENTRY_ADDED flg=0x10 (has extras) } to com.google.android.gms/.stats.service.DropBoxEntryAddedReceiver
11-09 15:23:07.006  1893  1910 W BroadcastQueue: Background execution not allowed: receiving Intent { act=android.intent.action.DROPBOX_ENTRY_ADDED flg=0x10 (has extras) } to com.google.android.gms/.chimera.GmsIntentOperationService$PersistentTrustedReceiver
11-09 15:23:07.033  1893  1910 W BroadcastQueue: Background execution not allowed: receiving Intent { act=android.intent.action.DROPBOX_ENTRY_ADDED flg=0x10 (has extras) } to com.google.android.gms/.stats.service.DropBoxEntryAddedReceiver
11-09 15:23:07.033  1893  1910 W BroadcastQueue: Background execution not allowed: receiving Intent { act=android.intent.action.DROPBOX_ENTRY_ADDED flg=0x10 (has extras) } to com.google.android.gms/.chimera.GmsIntentOperationService$PersistentTrustedReceiver
11-09 15:23:07.060  1893  1910 W BroadcastQueue: Background execution not allowed: receiving Intent { act=android.intent.action.DROPBOX_ENTRY_ADDED flg=0x10 (has extras) } to com.google.android.gms/.stats.service.DropBoxEntryAddedReceiver
11-09 15:23:07.060  1893  1910 W BroadcastQueue: Background execution not allowed: receiving Intent { act=android.intent.action.DROPBOX_ENTRY_ADDED flg=0x10 (has extras) } to com.google.android.gms/.chimera.GmsIntentOperationService$PersistentTrustedReceiver
11-09 15:23:07.086  1893  1910 W BroadcastQueue: Background execution not allowed: receiving Intent { act=android.intent.action.DROPBOX_ENTRY_ADDED flg=0x10 (has extras) } to com.google.android.gms/.stats.service.DropBoxEntryAddedReceiver
11-09 15:23:07.087  1893  1910 W BroadcastQueue: Background execution not allowed: receiving Intent { act=android.intent.action.DROPBOX_ENTRY_ADDED flg=0x10 (has extras) } to com.google.android.gms/.chimera.GmsIntentOperationService$PersistentTrustedReceiver
11-09 15:23:07.178 16248 16248 W app_process: Could not reserve sentinel fault page
11-09 15:23:07.205 16248 16248 W app_process: Unexpected CPU variant for X86 using defaults: x86
11-09 15:23:07.206 16248 16248 I app_process: The ClassLoaderContext is a special shared library.
11-09 15:23:07.218 16248 16248 I Input   : injectMotionEvent: MotionEvent { action=ACTION_DOWN, actionButton=0, id[0]=0, x[0]=527.0, y[0]=1146.0, toolType[0]=TOOL_TYPE_UNKNOWN, buttonState=0, metaState=0, flags=0x0, edgeFlags=0x0, pointerCount=1, historySize=0, eventTime=35040784, downTime=35040784, deviceId=0, source=0x1002 }
11-09 15:23:07.220 16248 16248 I Input   : injectMotionEvent: MotionEvent { action=ACTION_MOVE, actionButton=0, id[0]=0, x[0]=527.0, y[0]=1146.0, toolType[0]=TOOL_TYPE_UNKNOWN, buttonState=0, metaState=0, flags=0x0, edgeFlags=0x0, pointerCount=1, historySize=0, eventTime=35040784, downTime=35040784, deviceId=0, source=0x1002 }
11-09 15:23:07.227 16248 16248 I Input   : injectMotionEvent: MotionEvent { action=ACTION_MOVE, actionButton=0, id[0]=0, x[0]=527.0, y[0]=1146.0, toolType[0]=TOOL_TYPE_UNKNOWN, buttonState=0, metaState=0, flags=0x0, edgeFlags=0x0, pointerCount=1, historySize=0, eventTime=35040794, downTime=35040794, deviceId=0, source=0x1002 }
11-09 15:23:07.244 16248 16248 I Input   : injectMotionEvent: MotionEvent { action=ACTION_MOVE, actionButton=0, id[0]=0, x[0]=527.0, y[0]=1146.0, toolType[0]=TOOL_TYPE_UNKNOWN, buttonState=0, metaState=0, flags=0x0, edgeFlags=0x0, pointerCount=1, historySize=0, eventTime=35040811, downTime=35040811, deviceId=0, source=0x1002 }
11-09 15:23:07.260 16248 16248 I Input   : injectMotionEvent: MotionEvent { action=ACTION_MOVE, actionButton=0, id[0]=0, x[0]=527.0, y[0]=1146.0, toolType[0]=TOOL_TYPE_UNKNOWN, buttonState=0, metaState=0, flags=0x0, edgeFlags=0x0, pointerCount=1, historySize=0, eventTime=35040828, downTime=35040828, deviceId=0, source=0x1002 }
11-09 15:23:07.277 16248 16248 I Input   : injectMotionEvent: MotionEvent { action=ACTION_MOVE, actionButton=0, id[0]=0, x[0]=527.0, y[0]=1146.0, toolType[0]=TOOL_TYPE_UNKNOWN, buttonState=0, metaState=0, flags=0x0, edgeFlags=0x0, pointerCount=1, historySize=0, eventTime=35040845, downTime=35040845, deviceId=0, source=0x1002 }
11-09 15:23:07.294 16248 16248 I Input   : injectMotionEvent: MotionEvent { action=ACTION_MOVE, actionButton=0, id[0]=0, x[0]=527.0, y[0]=1146.0, toolType[0]=TOOL_TYPE_UNKNOWN, buttonState=0, metaState=0, flags=0x0, edgeFlags=0x0, pointerCount=1, historySize=0, eventTime=35040862, downTime=35040862, deviceId=0, source=0x1002 }
11-09 15:23:07.311 16248 16248 I Input   : injectMotionEvent: MotionEvent { action=ACTION_MOVE, actionButton=0, id[0]=0, x[0]=527.0, y[0]=1146.0, toolType[0]=TOOL_TYPE_UNKNOWN, buttonState=0, metaState=0, flags=0x0, edgeFlags=0x0, pointerCount=1, historySize=0, eventTime=35040878, downTime=35040878, deviceId=0, source=0x1002 }
11-09 15:23:07.328 16248 16248 I Input   : injectMotionEvent: MotionEvent { action=ACTION_MOVE, actionButton=0, id[0]=0, x[0]=527.0, y[0]=1146.0, toolType[0]=TOOL_TYPE_UNKNOWN, buttonState=0, metaState=0, flags=0x0, edgeFlags=0x0, pointerCount=1, historySize=0, eventTime=35040895, downTime=35040895, deviceId=0, source=0x1002 }
11-09 15:23:07.345 16248 16248 I Input   : injectMotionEvent: MotionEvent { action=ACTION_MOVE, actionButton=0, id[0]=0, x[0]=527.0, y[0]=1146.0, toolType[0]=TOOL_TYPE_UNKNOWN, buttonState=0, metaState=0, flags=0x0, edgeFlags=0x0, pointerCount=1, historySize=0, eventTime=35040913, downTime=35040913, deviceId=0, source=0x1002 }
11-09 15:23:07.362 16248 16248 I Input   : injectMotionEvent: MotionEvent { action=ACTION_MOVE, actionButton=0, id[0]=0, x[0]=527.0, y[0]=1146.0, toolType[0]=TOOL_TYPE_UNKNOWN, buttonState=0, metaState=0, flags=0x0, edgeFlags=0x0, pointerCount=1, historySize=0, eventTime=35040929, downTime=35040929, deviceId=0, source=0x1002 }
11-09 15:23:07.378 16248 16248 I Input   : injectMotionEvent: MotionEvent { action=ACTION_MOVE, actionButton=0, id[0]=0, x[0]=527.0, y[0]=1146.0, toolType[0]=TOOL_TYPE_UNKNOWN, buttonState=0, metaState=0, flags=0x0, edgeFlags=0x0, pointerCount=1, historySize=0, eventTime=35040946, downTime=35040946, deviceId=0, source=0x1002 }
11-09 15:23:07.395 16248 16248 I Input   : injectMotionEvent: MotionEvent { action=ACTION_MOVE, actionButton=0, id[0]=0, x[0]=527.0, y[0]=1146.0, toolType[0]=TOOL_TYPE_UNKNOWN, buttonState=0, metaState=0, flags=0x0, edgeFlags=0x0, pointerCount=1, historySize=0, eventTime=35040963, downTime=35040963, deviceId=0, source=0x1002 }
11-09 15:23:07.412 16248 16248 I Input   : injectMotionEvent: MotionEvent { action=ACTION_MOVE, actionButton=0, id[0]=0, x[0]=527.0, y[0]=1146.0, toolType[0]=TOOL_TYPE_UNKNOWN, buttonState=0, metaState=0, flags=0x0, edgeFlags=0x0, pointerCount=1, historySize=0, eventTime=35040979, downTime=35040979, deviceId=0, source=0x1002 }
11-09 15:23:07.429 16248 16248 I Input   : injectMotionEvent: MotionEvent { action=ACTION_UP, actionButton=0, id[0]=0, x[0]=527.0, y[0]=1146.0, toolType[0]=TOOL_TYPE_UNKNOWN, buttonState=0, metaState=0, flags=0x0, edgeFlags=0x0, pointerCount=1, historySize=0, eventTime=35040996, downTime=35040996, deviceId=0, source=0x1002 }
11-09 15:23:07.448 15913 15913 I AssistStructure: Flattened final assist data: 5916 bytes, containing 1 windows, 20 views
11-09 15:23:07.455  1893  2554 I AssistStructure: Flattened final assist data: 5268 bytes, containing 1 windows, 20 views
11-09 15:23:07.457  2334  2334 W ktk     : Pending fill request while another request in the same session was triggered. [CONTEXT service_id=177 ]
11-09 15:23:07.580 16258 16258 W app_process: Unexpected CPU variant for X86 using defaults: x86
11-09 15:23:07.581 16258 16258 I app_process: The ClassLoaderContext is a special shared library.
11-09 15:23:07.600 16258 16258 I Input   : injectKeyEvent: KeyEvent { action=ACTION_DOWN, keyCode=KEYCODE_7, scanCode=0, metaState=0, flags=0x0, repeatCount=0, eventTime=35041167, downTime=35041167, deviceId=-1, source=0x101 }
11-09 15:23:07.602 16258 16258 I Input   : injectKeyEvent: KeyEvent { action=ACTION_UP, keyCode=KEYCODE_7, scanCode=0, metaState=0, flags=0x0, repeatCount=0, eventTime=35041167, downTime=35041167, deviceId=-1, source=0x101 }
11-09 15:23:07.617 16258 16258 I Input   : injectKeyEvent: KeyEvent { action=ACTION_DOWN, keyCode=KEYCODE_8, scanCode=0, metaState=0, flags=0x0, repeatCount=0, eventTime=35041167, downTime=35041167, deviceId=-1, source=0x101 }
11-09 15:23:07.622 16258 16258 I Input   : injectKeyEvent: KeyEvent { action=ACTION_UP, keyCode=KEYCODE_8, scanCode=0, metaState=0, flags=0x0, repeatCount=0, eventTime=35041167, downTime=35041167, deviceId=-1, source=0x101 }
11-09 15:23:07.654  1893  2213 I GnssLocationProvider: WakeLock acquired by sendMessage(REPORT_SV_STATUS, 0, com.android.server.location.GnssLocationProvider$SvStatusInfo@9434045)
11-09 15:23:07.654  1893  1909 I GnssLocationProvider: WakeLock released by handleMessage(REPORT_SV_STATUS, 0, com.android.server.location.GnssLocationProvider$SvStatusInfo@9434045)
11-09 15:23:08.135  1893  1910 W BroadcastQueue: Background execution not allowed: receiving Intent { act=android.intent.action.DROPBOX_ENTRY_ADDED flg=0x10 (has extras) } to com.google.android.gms/.stats.service.DropBoxEntryAddedReceiver
11-09 15:23:08.135  1893  1910 W BroadcastQueue: Background execution not allowed: receiving Intent { act=android.intent.action.DROPBOX_ENTRY_ADDED flg=0x10 (has extras) } to com.google.android.gms/.chimera.GmsIntentOperationService$PersistentTrustedReceiver
11-09 15:23:08.137  1893  1910 W BroadcastQueue: Background execution not allowed: receiving Intent { act=android.intent.action.DROPBOX_ENTRY_ADDED flg=0x10 (has extras) } to com.google.android.gms/.stats.service.DropBoxEntryAddedReceiver
11-09 15:23:08.139  1893  1910 W BroadcastQueue: Background execution not allowed: receiving Intent { act=android.intent.action.DROPBOX_ENTRY_ADDED flg=0x10 (has extras) } to com.google.android.gms/.chimera.GmsIntentOperationService$PersistentTrustedReceiver
11-09 15:23:08.142  1893  1910 W BroadcastQueue: Background execution not allowed: receiving Intent { act=android.intent.action.DROPBOX_ENTRY_ADDED flg=0x10 (has extras) } to com.google.android.gms/.stats.service.DropBoxEntryAddedReceiver
11-09 15:23:08.142  1893  1910 W BroadcastQueue: Background execution not allowed: receiving Intent { act=android.intent.action.DROPBOX_ENTRY_ADDED flg=0x10 (has extras) } to com.google.android.gms/.chimera.GmsIntentOperationService$PersistentTrustedReceiver
11-09 15:23:08.143  1893  1910 W BroadcastQueue: Background execution not allowed: receiving Intent { act=android.intent.action.DROPBOX_ENTRY_ADDED flg=0x10 (has extras) } to com.google.android.gms/.stats.service.DropBoxEntryAddedReceiver
11-09 15:23:08.143  1893  1910 W BroadcastQueue: Background execution not allowed: receiving Intent { act=android.intent.action.DROPBOX_ENTRY_ADDED flg=0x10 (has extras) } to com.google.android.gms/.chimera.GmsIntentOperationService$PersistentTrustedReceiver
11-09 15:23:08.146  1893  1910 W BroadcastQueue: Background execution not allowed: receiving Intent { act=android.intent.action.DROPBOX_ENTRY_ADDED flg=0x10 (has extras) } to com.google.android.gms/.stats.service.DropBoxEntryAddedReceiver
11-09 15:23:08.146  1893  1910 W BroadcastQueue: Background execution not allowed: receiving Intent { act=android.intent.action.DROPBOX_ENTRY_ADDED flg=0x10 (has extras) } to com.google.android.gms/.chimera.GmsIntentOperationService$PersistentTrustedReceiver
11-09 15:23:08.150  1893  1910 W BroadcastQueue: Background execution not allowed: receiving Intent { act=android.intent.action.DROPBOX_ENTRY_ADDED flg=0x10 (has extras) } to com.google.android.gms/.stats.service.DropBoxEntryAddedReceiver
