11-09 15:23:08.150  1893  1910 W BroadcastQueue: Background execution not allowed: receiving Intent { act=android.intent.action.DROPBOX_ENTRY_ADDED flg=0x10 (has extras) } to com.google.android.gms/.chimera.GmsIntentOperationService$PersistentTrustedReceiver
11-09 15:23:08.654  1893  2213 I GnssLocationProvider: WakeLock acquired by sendMessage(REPORT_SV_STATUS, 0, com.android.server.location.GnssLocationProvider$SvStatusInfo@87ed56d)
11-09 15:23:08.654  1893  1909 I GnssLocationProvider: WakeLock released by handleMessage(REPORT_SV_STATUS, 0, com.android.server.location.GnssLocationProvider$SvStatusInfo@87ed56d)
11-09 15:23:08.736  1747  2025 E SurfaceFlinger: ro.sf.lcd_density must be defined as a build property
11-09 15:23:08.743 16296 16296 E eglCodecCommon: GoldfishAddressSpaceHostMemoryAllocator: ioctl_ping failed for device_type=5, ret=-1
11-09 15:23:08.986  1893  1910 W BroadcastQueue: Background execution not allowed: receiving Intent { act=android.intent.action.DROPBOX_ENTRY_ADDED flg=0x10 (has extras) } to com.google.android.gms/.stats.service.DropBoxEntryAddedReceiver
11-09 15:23:08.986  1893  1910 W BroadcastQueue: Background execution not allowed: receiving Intent { act=android.intent.action.DROPBOX_ENTRY_ADDED flg=0x10 (has extras) } to com.google.android.gms/.chimera.GmsIntentOperationService$PersistentTrustedReceiver
11-09 15:23:09.164  1747  2025 E SurfaceFlinger: ro.sf.lcd_density must be defined as a build property
11-09 15:23:09.172 16329 16329 E eglCodecCommon: GoldfishAddressSpaceHostMemoryAllocator: ioctl_ping failed for device_type=5, ret=-1
11-09 15:23:09.411  1893  1910 W BroadcastQueue: Background execution not allowed: receiving Intent { act=android.intent.action.DROPBOX_ENTRY_ADDED flg=0x10 (has extras) } to com.google.android.gms/.stats.service.DropBoxEntryAddedReceiver
11-09 15:23:09.411  1893  1910 W BroadcastQueue: Background execution not allowed: receiving Intent { act=android.intent.action.DROPBOX_ENTRY_ADDED flg=0x10 (has extras) } to com.google.android.gms/.chimera.GmsIntentOperationService$PersistentTrustedReceiver
11-09 15:23:09.546  1747  2460 E SurfaceFlinger: ro.sf.lcd_density must be defined as a build property
11-09 15:23:09.561 16360 16360 E eglCodecCommon: GoldfishAddressSpaceHostMemoryAllocator: ioctl_ping failed for device_type=5, ret=-1
11-09 15:23:09.654  1893  2213 I GnssLocationProvider: WakeLock acquired by sendMessage(REPORT_SV_STATUS, 0, com.android.server.location.GnssLocationProvider$SvStatusInfo@88478c6)
11-09 15:23:09.654  1893  1909 I GnssLocationProvider: WakeLock released by handleMessage(REPORT_SV_STATUS, 0, com.android.server.location.GnssLocationProvider$SvStatusInfo@88478c6)
11-09 15:23:09.818  1893  1910 W BroadcastQueue: Background execution not allowed: receiving Intent { act=android.intent.action.DROPBOX_ENTRY_ADDED flg=0x10 (has extras) } to com.google.android.gms/.stats.service.DropBoxEntryAddedReceiver
11-09 15:23:09.818  1893  1910 W BroadcastQueue: Background execution not allowed: receiving Intent { act=android.intent.action.DROPBOX_ENTRY_ADDED flg=0x10 (has extras) } to com.google.android.gms/.chimera.GmsIntentOperationService$PersistentTrustedReceiver
11-09 15:23:09.857  1893  1910 W BroadcastQueue: Background execution not allowed: receiving Intent { act=android.intent.action.DROPBOX_ENTRY_ADDED flg=0x10 (has extras) } to com.google.android.gms/.stats.service.DropBoxEntryAddedReceiver
11-09 15:23:09.857  1893  1910 W BroadcastQueue: Background execution not allowed: receiving Intent { act=android.intent.action.DROPBOX_ENTRY_ADDED flg=0x10 (has extras) } to com.google.android.gms/.chimera.GmsIntentOperationService$PersistentTrustedReceiver
11-09 15:23:09.886  1893  1910 W BroadcastQueue: Background execution not allowed: receiving Intent { act=android.intent.action.DROPBOX_ENTRY_ADDED flg=0x10 (has extras) } to com.google.android.gms/.stats.service.DropBoxEntryAddedReceiver
11-09 15:23:09.886  1893  1910 W BroadcastQueue: Background execution not allowed: receiving Intent { act=android.intent.action.DROPBOX_ENTRY_ADDED flg=0x10 (has extras) } to com.google.android.gms/.chimera.GmsIntentOperationService$PersistentTrustedReceiver
11-09 15:23:09.912  1893  1910 W BroadcastQueue: Background execution not allowed: receiving Intent { act=android.intent.action.DROPBOX_ENTRY_ADDED flg=0x10 (has extras) } to com.google.android.gms/.stats.service.DropBoxEntryAddedReceiver
11-09 15:23:09.912  1893  1910 W BroadcastQueue: Background execution not allowed: receiving Intent { act=android.intent.action.DROPBOX_ENTRY_ADDED flg=0x10 (has extras) } to com.google.android.gms/.chimera.GmsIntentOperationService$PersistentTrustedReceiver
11-09 15:23:10.004 16407 16407 W app_process: Could not reserve sentinel fault page
11-09 15:23:10.028 16407 16407 W app_process: Unexpected CPU variant for X86 using defaults: x86
11-09 15:23:10.028 16407 16407 I app_process: The ClassLoaderContext is a special shared library.
11-09 15:23:10.047 16407 16407 I Input   : injectMotionEvent: MotionEvent { action=ACTION_DOWN, actionButton=0, id[0]=0, x[0]=307.0, y[0]=868.0, toolType[0]=TOOL_TYPE_UNKNOWN, buttonState=0, metaState=0, flags=0x0, edgeFlags=0x0, pointerCount=1, historySize=0, eventTime=35043614, downTime=35043614, deviceId=0, source=0x1002 }
11-09 15:23:10.048 16407 16407 I Input   : injectMotionEvent: MotionEvent { action=ACTION_MOVE, actionButton=0, id[0]=0, x[0]=307.0, y[0]=868.0, toolType[0]=TOOL_TYPE_UNKNOWN, buttonState=0, metaState=0, flags=0x0, edgeFlags=0x0, pointerCount=1, historySize=0, eventTime=35043614, downTime=35043614, deviceId=0, source=0x1002 }
11-09 15:23:10.053 16407 16407 I Input   : injectMotionEvent: MotionEvent { action=ACTION_MOVE, actionButton=0, id[0]=0, x[0]=307.0, y[0]=868.0, toolType[0]=TOOL_TYPE_UNKNOWN, buttonState=0, metaState=0, flags=0x0, edgeFlags=0x0, pointerCount=1, historySize=0, eventTime=35043620, downTime=35043620, deviceId=0, source=0x1002 }
11-09 15:23:10.070 16407 16407 I Input   : injectMotionEvent: MotionEvent { action=ACTION_MOVE, actionButton=0, id[0]=0, x[0]=307.0, y[0]=868.0, toolType[0]=TOOL_TYPE_UNKNOWN, buttonState=0, metaState=0, flags=0x0, edgeFlags=0x0, pointerCount=1, historySize=0, eventTime=35043637, downTime=35043637, deviceId=0, source=0x1002 }
11-09 15:23:10.087 16407 16407 I Input   : injectMotionEvent: MotionEvent { action=ACTION_MOVE, actionButton=0, id[0]=0, x[0]=307.0, y[0]=868.0, toolType[0]=TOOL_TYPE_UNKNOWN, buttonState=0, metaState=0, flags=0x0, edgeFlags=0x0, pointerCount=1, historySize=0, eventTime=35043654, downTime=35043654, deviceId=0, source=0x1002 }
11-09 15:23:10.103 16407 16407 I Input   : injectMotionEvent: MotionEvent { action=ACTION_MOVE, actionButton=0, id[0]=0, x[0]=307.0, y[0]=868.0, toolType[0]=TOOL_TYPE_UNKNOWN, buttonState=0, metaState=0, flags=0x0, edgeFlags=0x0, pointerCount=1, historySize=0, eventTime=35043671, downTime=35043671, deviceId=0, source=0x1002 }
11-09 15:23:10.120 16407 16407 I Input   : injectMotionEvent: MotionEvent { action=ACTION_MOVE, actionButton=0, id[0]=0, x[0]=307.0, y[0]=868.0, toolType[0]=TOOL_TYPE_UNKNOWN, buttonState=0, metaState=0, flags=0x0, edgeFlags=0x0, pointerCount=1, historySize=0, eventTime=35043688, downTime=35043688, deviceId=0, source=0x1002 }
11-09 15:23:10.137 16407 16407 I Input   : injectMotionEvent: MotionEvent { action=ACTION_MOVE, actionButton=0, id[0]=0, x[0]=307.0, y[0]=868.0, toolType[0]=TOOL_TYPE_UNKNOWN, buttonState=0, metaState=0, flags=0x0, edgeFlags=0x0, pointerCount=1, historySize=0, eventTime=35043705, downTime=35043705, deviceId=0, source=0x1002 }
11-09 15:23:10.154 16407 16407 I Input   : injectMotionEvent: MotionEvent { action=ACTION_MOVE, actionButton=0, id[0]=0, x[0]=307.0, y[0]=868.0, toolType[0]=TOOL_TYPE_UNKNOWN, buttonState=0, metaState=0, flags=0x0, edgeFlags=0x0, pointerCount=1, historySize=0, eventTime=35043722, downTime=35043722, deviceId=0, source=0x1002 }
11-09 15:23:10.171 16407 16407 I Input   : injectMotionEvent: MotionEvent { action=ACTION_MOVE, actionButton=0, id[0]=0, x[0]=307.0, y[0]=868.0, toolType[0]=TOOL_TYPE_UNKNOWN, buttonState=0, metaState=0, flags=0x0, edgeFlags=0x0, pointerCount=1, historySize=0, eventTime=35043738, downTime=35043738, deviceId=0, source=0x1002 }
11-09 15:23:10.188 16407 16407 I Input   : injectMotionEvent: MotionEvent { action=ACTION_MOVE, actionButton=0, id[0]=0, x[0]=307.0, y[0]=868.0, toolType[0]=TOOL_TYPE_UNKNOWN, buttonState=0, metaState=0, flags=0x0, edgeFlags=0x0, pointerCount=1, historySize=0, eventTime=35043755, downTime=35043755, deviceId=0, source=0x1002 }
11-09 15:23:10.204 16407 16407 I Input   : injectMotionEvent: MotionEvent { action=ACTION_MOVE, actionButton=0, id[0]=0, x[0]=307.0, y[0]=868.0, toolType[0]=TOOL_TYPE_UNKNOWN, buttonState=0, metaState=0, flags=0x0, edgeFlags=0x0, pointerCount=1, historySize=0, eventTime=35043772, downTime=35043772, deviceId=0, source=0x1002 }
11-09 15:23:10.221 16407 16407 I Input   : injectMotionEvent: MotionEvent { action=ACTION_MOVE, actionButton=0, id[0]=0, x[0]=307.0, y[0]=868.0, toolType[0]=TOOL_TYPE_UNKNOWN, buttonState=0, metaState=0, flags=0x0, edgeFlags=0x0, pointerCount=1, historySize=0, eventTime=35043789, downTime=35043789, deviceId=0, source=0x1002 }
11-09 15:23:10.238 16407 16407 I Input   : injectMotionEvent: MotionEvent { action=ACTION_MOVE, actionButton=0, id[0]=0, x[0]=307.0, y[0]=868.0, toolType[0]=TOOL_TYPE_UNKNOWN, buttonState=0, metaState=0, flags=0x0, edgeFlags=0x0, pointerCount=1, historySize=0, eventTime=35043806, downTime=35043806, deviceId=0, source=0x1002 }
11-09 15:23:10.255 16407 16407 I Input   : injectMotionEvent: MotionEvent { action=ACTION_UP, actionButton=0, id[0]=0, x[0]=307.0, y[0]=868.0, toolType[0]=TOOL_TYPE_UNKNOWN, buttonState=0, metaState=0, flags=0x0, edgeFlags=0x0, pointerCount=1, historySize=0, eventTime=35043822, downTime=35043822, deviceId=0, source=0x1002 }
11-09 15:23:10.274 15913 15913 I AssistStructure: Flattened final assist data: 5924 bytes, containing 1 windows, 20 views
11-09 15:23:10.278  1893  2554 I AssistStructure: Flattened final assist data: 5268 bytes, containing 1 windows, 20 views
11-09 15:23:10.279  2334  2334 W ktk     : Pending fill request while another request in the same session was triggered. [CONTEXT service_id=177 ]
11-09 15:23:10.368 16417 16417 W app_process: Unexpected CPU variant for X86 using defaults: x86
11-09 15:23:10.369 16417 16417 I app_process: The ClassLoaderContext is a special shared library.
11-09 15:23:10.388 16417 16417 I Input   : injectKeyEvent: KeyEvent { action=ACTION_DOWN, keyCode=KEYCODE_1, scanCode=0, metaState=0, flags=0x0, repeatCount=0, eventTime=35043955, downTime=35043955, deviceId=-1, source=0x101 }
11-09 15:23:10.390 16417 16417 I Input   : injectKeyEvent: KeyEvent { action=ACTION_UP, keyCode=KEYCODE_1, scanCode=0, metaState=0, flags=0x0, repeatCount=0, eventTime=35043955, downTime=35043955, deviceId=-1, source=0x101 }
11-09 15:23:10.411 16417 16417 I Input   : injectKeyEvent: KeyEvent { action=ACTION_DOWN, keyCode=KEYCODE_2, scanCode=0, metaState=0, flags=0x0, repeatCount=0, eventTime=35043955, downTime=35043955, deviceId=-1, source=0x101 }
11-09 15:23:10.416 16417 16417 I Input   : injectKeyEvent: KeyEvent { action=ACTION_UP, keyCode=KEYCODE_2, scanCode=0, metaState=0, flags=0x0, repeatCount=0, eventTime=35043955, downTime=35043955, deviceId=-1, source=0x101 }
11-09 15:23:10.619  2643  2738 I mit.droidbotap: Background concurrent copying GC freed 68663(2MB) AllocSpace objects, 135(3MB) LOS objects, 6% free, 92MB/98MB, paused 248us total 204.741ms
11-09 15:23:10.654  1893  2213 I GnssLocationProvider: WakeLock acquired by sendMessage(REPORT_SV_STATUS, 0, com.android.server.location.GnssLocationProvider$SvStatusInfo@5d53a05)
11-09 15:23:10.654  1893  1909 I GnssLocationProvider: WakeLock released by handleMessage(REPORT_SV_STATUS, 0, com.android.server.location.GnssLocationProvider$SvStatusInfo@5d53a05)
11-09 15:23:11.563  1747  2460 E SurfaceFlinger: ro.sf.lcd_density must be defined as a build property
11-09 15:23:11.572 16447 16447 E eglCodecCommon: GoldfishAddressSpaceHostMemoryAllocator: ioctl_ping failed for device_type=5, ret=-1
11-09 15:23:11.654  1893  2213 I GnssLocationProvider: WakeLock acquired by sendMessage(REPORT_SV_STATUS, 0, com.android.server.location.GnssLocationProvider$SvStatusInfo@8556a5a)
11-09 15:23:11.654  1893  1909 I GnssLocationProvider: WakeLock released by handleMessage(REPORT_SV_STATUS, 0, com.android.server.location.GnssLocationProvider$SvStatusInfo@8556a5a)
11-09 15:23:11.808  1893  1910 W BroadcastQueue: Background execution not allowed: receiving Intent { act=android.intent.action.DROPBOX_ENTRY_ADDED flg=0x10 (has extras) } to com.google.android.gms/.stats.service.DropBoxEntryAddedReceiver
11-09 15:23:11.808  1893  1910 W BroadcastQueue: Background execution not allowed: receiving Intent { act=android.intent.action.DROPBOX_ENTRY_ADDED flg=0x10 (has extras) } to com.google.android.gms/.chimera.GmsIntentOperationService$PersistentTrustedReceiver
11-09 15:23:11.962  1747  2460 E SurfaceFlinger: ro.sf.lcd_density must be defined as a build property
11-09 15:23:11.969 16480 16480 E eglCodecCommon: GoldfishAddressSpaceHostMemoryAllocator: ioctl_ping failed for device_type=5, ret=-1
11-09 15:23:12.161  1893  1909 E memtrack: Couldn't load memtrack module
11-09 15:23:12.161  1893  1909 W android.os.Debug: failed to get memory consumption info: -1
11-09 15:23:12.198  1893  1910 W BroadcastQueue: Background execution not allowed: receiving Intent { act=android.intent.action.DROPBOX_ENTRY_ADDED flg=0x10 (has extras) } to com.google.android.gms/.stats.service.DropBoxEntryAddedReceiver
11-09 15:23:12.198  1893  1910 W BroadcastQueue: Background execution not allowed: receiving Intent { act=android.intent.action.DROPBOX_ENTRY_ADDED flg=0x10 (has extras) } to com.google.android.gms/.chimera.GmsIntentOperationService$PersistentTrustedReceiver
11-09 15:23:12.305  1747  2460 E SurfaceFlinger: ro.sf.lcd_density must be defined as a build property
11-09 15:23:12.313 16511 16511 E eglCodecCommon: GoldfishAddressSpaceHostMemoryAllocator: ioctl_ping failed for device_type=5, ret=-1
11-09 15:23:12.576  1893  1910 W BroadcastQueue: Background execution not allowed: receiving Intent { act=android.intent.action.DROPBOX_ENTRY_ADDED flg=0x10 (has extras) } to com.google.android.gms/.stats.service.DropBoxEntryAddedReceiver
11-09 15:23:12.576  1893  1910 W BroadcastQueue: Background execution not allowed: receiving Intent { act=android.intent.action.DROPBOX_ENTRY_ADDED flg=0x10 (has extras) } to com.google.android.gms/.chimera.GmsIntentOperationService$PersistentTrustedReceiver
11-09 15:23:12.610  1893  1910 W BroadcastQueue: Background execution not allowed: receiving Intent { act=android.intent.action.DROPBOX_ENTRY_ADDED flg=0x10 (has extras) } to com.google.android.gms/.stats.service.DropBoxEntryAddedReceiver
11-09 15:23:12.610  1893  1910 W BroadcastQueue: Background execution not allowed: receiving Intent { act=android.intent.action.DROPBOX_ENTRY_ADDED flg=0x10 (has extras) } to com.google.android.gms/.chimera.GmsIntentOperationService$PersistentTrustedReceiver
11-09 15:23:12.640  1893  1910 W BroadcastQueue: Background execution not allowed: receiving Intent { act=android.intent.action.DROPBOX_ENTRY_ADDED flg=0x10 (has extras) } to com.google.android.gms/.stats.service.DropBoxEntryAddedReceiver
11-09 15:23:12.640  1893  1910 W BroadcastQueue: Background execution not allowed: receiving Intent { act=android.intent.action.DROPBOX_ENTRY_ADDED flg=0x10 (has extras) } to com.google.android.gms/.chimera.GmsIntentOperationService$PersistentTrustedReceiver
11-09 15:23:12.654  1893  2213 I GnssLocationProvider: WakeLock acquired by sendMessage(REPORT_SV_STATUS, 0, com.android.server.location.GnssLocationProvider$SvStatusInfo@20f124f)
11-09 15:23:12.654  1893  1909 I GnssLocationProvider: WakeLock released by handleMessage(REPORT_SV_STATUS, 0, com.android.server.location.GnssLocationProvider$SvStatusInfo@20f124f)
11-09 15:23:12.672  1893  1910 W BroadcastQueue: Background execution not allowed: receiving Intent { act=android.intent.action.DROPBOX_ENTRY_ADDED flg=0x10 (has extras) } to com.google.android.gms/.stats.service.DropBoxEntryAddedReceiver
11-09 15:23:12.672  1893  1910 W BroadcastQueue: Background execution not allowed: receiving Intent { act=android.intent.action.DROPBOX_ENTRY_ADDED flg=0x10 (has extras) } to com.google.android.gms/.chimera.GmsIntentOperationService$PersistentTrustedReceiver
11-09 15:23:12.771 16557 16557 W app_process: Could not reserve sentinel fault page
11-09 15:23:12.797 16557 16557 W app_process: Unexpected CPU variant for X86 using defaults: x86
11-09 15:23:12.798 16557 16557 I app_process: The ClassLoaderContext is a special shared library.
11-09 15:23:12.810 16557 16557 I Input   : injectMotionEvent: MotionEvent { action=ACTION_DOWN, actionButton=0, id[0]=0, x[0]=747.0, y[0]=868.0, toolType[0]=TOOL_TYPE_UNKNOWN, buttonState=0, metaState=0, flags=0x0, edgeFlags=0x0, pointerCount=1, historySize=0, eventTime=35046376, downTime=35046376, deviceId=0, source=0x1002 }
11-09 15:23:12.811 16557 16557 I Input   : injectMotionEvent: MotionEvent { action=ACTION_MOVE, actionButton=0, id[0]=0, x[0]=747.0, y[0]=868.0, toolType[0]=TOOL_TYPE_UNKNOWN, buttonState=0, metaState=0, flags=0x0, edgeFlags=0x0, pointerCount=1, historySize=0, eventTime=35046376, downTime=35046376, deviceId=0, source=0x1002 }
11-09 15:23:12.828 16557 16557 I Input   : injectMotionEvent: MotionEvent { action=ACTION_MOVE, actionButton=0, id[0]=0, x[0]=747.0, y[0]=868.0, toolType[0]=TOOL_TYPE_UNKNOWN, buttonState=0, metaState=0, flags=0x0, edgeFlags=0x0, pointerCount=1, historySize=0, eventTime=35046396, downTime=35046396, deviceId=0, source=0x1002 }
11-09 15:23:12.845 16557 16557 I Input   : injectMotionEvent: MotionEvent { action=ACTION_MOVE, actionButton=0, id[0]=0, x[0]=747.0, y[0]=868.0, toolType[0]=TOOL_TYPE_UNKNOWN, buttonState=0, metaState=0, flags=0x0, edgeFlags=0x0, pointerCount=1, historySize=0, eventTime=35046413, downTime=35046413, deviceId=0, source=0x1002 }
11-09 15:23:12.862 16557 16557 I Input   : injectMotionEvent: MotionEvent { action=ACTION_MOVE, actionButton=0, id[0]=0, x[0]=747.0, y[0]=868.0, toolType[0]=TOOL_TYPE_UNKNOWN, buttonState=0, metaState=0, flags=0x0, edgeFlags=0x0, pointerCount=1, historySize=0, eventTime=35046430, downTime=35046430, deviceId=0, source=0x1002 }
11-09 15:23:12.879 16557 16557 I Input   : injectMotionEvent: MotionEvent { action=ACTION_MOVE, actionButton=0, id[0]=0, x[0]=747.0, y[0]=868.0, toolType[0]=TOOL_TYPE_UNKNOWN, buttonState=0, metaState=0, flags=0x0, edgeFlags=0x0, pointerCount=1, historySize=0, eventTime=35046447, downTime=35046447, deviceId=0, source=0x1002 }
11-09 15:23:12.896 16557 16557 I Input   : injectMotionEvent: MotionEvent { action=ACTION_MOVE, actionButton=0, id[0]=0, x[0]=747.0, y[0]=868.0, toolType[0]=TOOL_TYPE_UNKNOWN, buttonState=0, metaState=0, flags=0x0, edgeFlags=0x0, pointerCount=1, historySize=0, eventTime=35046463, downTime=35046463, deviceId=0, source=0x1002 }
11-09 15:23:12.913 16557 16557 I Input   : injectMotionEvent: MotionEvent { action=ACTION_MOVE, actionButton=0, id[0]=0, x[0]=747.0, y[0]=868.0, toolType[0]=TOOL_TYPE_UNKNOWN, buttonState=0, metaState=0, flags=0x0, edgeFlags=0x0, pointerCount=1, historySize=0, eventTime=35046480, downTime=35046480, deviceId=0, source=0x1002 }
11-09 15:23:12.930 16557 16557 I Input   : injectMotionEvent: MotionEvent { action=ACTION_MOVE, actionButton=0, id[0]=0, x[0]=747.0, y[0]=868.0, toolType[0]=TOOL_TYPE_UNKNOWN, buttonState=0, metaState=0, flags=0x0, edgeFlags=0x0, pointerCount=1, historySize=0, eventTime=35046497, downTime=35046497, deviceId=0, source=0x1002 }
11-09 15:23:12.947 16557 16557 I Input   : injectMotionEvent: MotionEvent { action=ACTION_MOVE, actionButton=0, id[0]=0, x[0]=747.0, y[0]=868.0, toolType[0]=TOOL_TYPE_UNKNOWN, buttonState=0, metaState=0, flags=0x0, edgeFlags=0x0, pointerCount=1, historySize=0, eventTime=35046515, downTime=35046515, deviceId=0, source=0x1002 }
11-09 15:23:12.963 16557 16557 I Input   : injectMotionEvent: MotionEvent { action=ACTION_MOVE, actionButton=0, id[0]=0, x[0]=747.0, y[0]=868.0, toolType[0]=TOOL_TYPE_UNKNOWN, buttonState=0, metaState=0, flags=0x0, edgeFlags=0x0, pointerCount=1, historySize=0, eventTime=35046530, downTime=35046530, deviceId=0, source=0x1002 }
11-09 15:23:12.980 16557 16557 I Input   : injectMotionEvent: MotionEvent { action=ACTION_MOVE, actionButton=0, id[0]=0, x[0]=747.0, y[0]=868.0, toolType[0]=TOOL_TYPE_UNKNOWN, buttonState=0, metaState=0, flags=0x0, edgeFlags=0x0, pointerCount=1, historySize=0, eventTime=35046547, downTime=35046547, deviceId=0, source=0x1002 }
11-09 15:23:12.997 16557 16557 I Input   : injectMotionEvent: MotionEvent { action=ACTION_MOVE, actionButton=0, id[0]=0, x[0]=747.0, y[0]=868.0, toolType[0]=TOOL_TYPE_UNKNOWN, buttonState=0, metaState=0, flags=0x0, edgeFlags=0x0, pointerCount=1, historySize=0, eventTime=35046564, downTime=35046564, deviceId=0, source=0x1002 }
11-09 15:23:13.013 16557 16557 I Input   : injectMotionEvent: MotionEvent { action=ACTION_UP, actionButton=0, id[0]=0, x[0]=747.0, y[0]=868.0, toolType[0]=TOOL_TYPE_UNKNOWN, buttonState=0, metaState=0, flags=0x0, edgeFlags=0x0, pointerCount=1, historySize=0, eventTime=35046581, downTime=35046581, deviceId=0, source=0x1002 }
11-09 15:23:13.032 15913 15913 I AssistStructure: Flattened final assist data: 5932 bytes, containing 1 windows, 20 views
11-09 15:23:13.036  1893  2559 I AssistStructure: Flattened final assist data: 5268 bytes, containing 1 windows, 20 views
11-09 15:23:13.036  2334  2334 W ktk     : Pending fill request while another request in the same session was triggered. [CONTEXT service_id=177 ]
11-09 15:23:13.100 16570 16570 W app_process: Could not reserve sentinel fault page
11-09 15:23:13.123 16570 16570 W app_process: Unexpected CPU variant for X86 using defaults: x86
11-09 15:23:13.124 16570 16570 I app_process: The ClassLoaderContext is a special shared library.
11-09 15:23:13.135 16570 16570 I Input   : injectKeyEvent: KeyEvent { action=ACTION_DOWN, keyCode=KEYCODE_6, scanCode=0, metaState=0, flags=0x0, repeatCount=0, eventTime=35046703, downTime=35046703, deviceId=-1, source=0x101 }
11-09 15:23:13.138 16570 16570 I Input   : injectKeyEvent: KeyEvent { action=ACTION_UP, keyCode=KEYCODE_6, scanCode=0, metaState=0, flags=0x0, repeatCount=0, eventTime=35046703, downTime=35046703, deviceId=-1, source=0x101 }
11-09 15:23:13.654  1893  2213 I GnssLocationProvider: WakeLock acquired by sendMessage(REPORT_SV_STATUS, 0, com.android.server.location.GnssLocationProvider$SvStatusInfo@3e5abe0)
11-09 15:23:13.654  1893  1909 I GnssLocationProvider: WakeLock released by handleMessage(REPORT_SV_STATUS, 0, com.android.server.location.GnssLocationProvider$SvStatusInfo@3e5abe0)
11-09 15:23:14.268  1747  2460 E SurfaceFlinger: ro.sf.lcd_density must be defined as a build property
11-09 15:23:14.276 16598 16598 E eglCodecCommon: GoldfishAddressSpaceHostMemoryAllocator: ioctl_ping failed for device_type=5, ret=-1
11-09 15:23:14.520  1893  1910 W BroadcastQueue: Background execution not allowed: receiving Intent { act=android.intent.action.DROPBOX_ENTRY_ADDED flg=0x10 (has extras) } to com.google.android.gms/.stats.service.DropBoxEntryAddedReceiver
11-09 15:23:14.520  1893  1910 W BroadcastQueue: Background execution not allowed: receiving Intent { act=android.intent.action.DROPBOX_ENTRY_ADDED flg=0x10 (has extras) } to com.google.android.gms/.chimera.GmsIntentOperationService$PersistentTrustedReceiver
11-09 15:23:14.654  1893  2213 I GnssLocationProvider: WakeLock acquired by sendMessage(REPORT_SV_STATUS, 0, com.android.server.location.GnssLocationProvider$SvStatusInfo@ed116f8)
11-09 15:23:14.654  1893  1909 I GnssLocationProvider: WakeLock released by handleMessage(REPORT_SV_STATUS, 0, com.android.server.location.GnssLocationProvider$SvStatusInfo@ed116f8)
11-09 15:23:14.673  1747  2460 E SurfaceFlinger: ro.sf.lcd_density must be defined as a build property
11-09 15:23:14.681 16629 16629 E eglCodecCommon: GoldfishAddressSpaceHostMemoryAllocator: ioctl_ping failed for device_type=5, ret=-1
11-09 15:23:14.906  1893  1910 W BroadcastQueue: Background execution not allowed: receiving Intent { act=android.intent.action.DROPBOX_ENTRY_ADDED flg=0x10 (has extras) } to com.google.android.gms/.stats.service.DropBoxEntryAddedReceiver
11-09 15:23:14.906  1893  1910 W BroadcastQueue: Background execution not allowed: receiving Intent { act=android.intent.action.DROPBOX_ENTRY_ADDED flg=0x10 (has extras) } to com.google.android.gms/.chimera.GmsIntentOperationService$PersistentTrustedReceiver
11-09 15:23:15.020  1747  2460 E SurfaceFlinger: ro.sf.lcd_density must be defined as a build property
11-09 15:23:15.028 16662 16662 E eglCodecCommon: GoldfishAddressSpaceHostMemoryAllocator: ioctl_ping failed for device_type=5, ret=-1
11-09 15:23:15.268  1893  1910 W BroadcastQueue: Background execution not allowed: receiving Intent { act=android.intent.action.DROPBOX_ENTRY_ADDED flg=0x10 (has extras) } to com.google.android.gms/.stats.service.DropBoxEntryAddedReceiver
11-09 15:23:15.268  1893  1910 W BroadcastQueue: Background execution not allowed: receiving Intent { act=android.intent.action.DROPBOX_ENTRY_ADDED flg=0x10 (has extras) } to com.google.android.gms/.chimera.GmsIntentOperationService$PersistentTrustedReceiver
11-09 15:23:15.296  1893  1910 W BroadcastQueue: Background execution not allowed: receiving Intent { act=android.intent.action.DROPBOX_ENTRY_ADDED flg=0x10 (has extras) } to com.google.android.gms/.stats.service.DropBoxEntryAddedReceiver
11-09 15:23:15.296  1893  1910 W BroadcastQueue: Background execution not allowed: receiving Intent { act=android.intent.action.DROPBOX_ENTRY_ADDED flg=0x10 (has extras) } to com.google.android.gms/.chimera.GmsIntentOperationService$PersistentTrustedReceiver
11-09 15:23:15.322  1893  1910 W BroadcastQueue: Background execution not allowed: receiving Intent { act=android.intent.action.DROPBOX_ENTRY_ADDED flg=0x10 (has extras) } to com.google.android.gms/.stats.service.DropBoxEntryAddedReceiver
11-09 15:23:15.322  1893  1910 W BroadcastQueue: Background execution not allowed: receiving Intent { act=android.intent.action.DROPBOX_ENTRY_ADDED flg=0x10 (has extras) } to com.google.android.gms/.chimera.GmsIntentOperationService$PersistentTrustedReceiver
11-09 15:23:15.350  1893  1910 W BroadcastQueue: Background execution not allowed: receiving Intent { act=android.intent.action.DROPBOX_ENTRY_ADDED flg=0x10 (has extras) } to com.google.android.gms/.stats.service.DropBoxEntryAddedReceiver
11-09 15:23:15.350  1893  1910 W BroadcastQueue: Background execution not allowed: receiving Intent { act=android.intent.action.DROPBOX_ENTRY_ADDED flg=0x10 (has extras) } to com.google.android.gms/.chimera.GmsIntentOperationService$PersistentTrustedReceiver
11-09 15:23:15.469 16707 16707 W app_process: Unexpected CPU variant for X86 using defaults: x86
11-09 15:23:15.469 16707 16707 I app_process: The ClassLoaderContext is a special shared library.
11-09 15:23:15.480 16707 16707 I Input   : injectMotionEvent: MotionEvent { action=ACTION_DOWN, actionButton=0, id[0]=0, x[0]=1202.0, y[0]=590.0, toolType[0]=TOOL_TYPE_UNKNOWN, buttonState=0, metaState=0, flags=0x0, edgeFlags=0x0, pointerCount=1, historySize=0, eventTime=35049046, downTime=35049046, deviceId=0, source=0x1002 }
11-09 15:23:15.481 16707 16707 I Input   : injectMotionEvent: MotionEvent { action=ACTION_MOVE, actionButton=0, id[0]=0, x[0]=1202.0, y[0]=590.0, toolType[0]=TOOL_TYPE_UNKNOWN, buttonState=0, metaState=0, flags=0x0, edgeFlags=0x0, pointerCount=1, historySize=0, eventTime=35049046, downTime=35049046, deviceId=0, source=0x1002 }
11-09 15:23:15.486 16707 16707 I Input   : injectMotionEvent: MotionEvent { action=ACTION_MOVE, actionButton=0, id[0]=0, x[0]=1202.0, y[0]=590.0, toolType[0]=TOOL_TYPE_UNKNOWN, buttonState=0, metaState=0, flags=0x0, edgeFlags=0x0, pointerCount=1, historySize=0, eventTime=35049054, downTime=35049054, deviceId=0, source=0x1002 }
11-09 15:23:15.503 16707 16707 I Input   : injectMotionEvent: MotionEvent { action=ACTION_MOVE, actionButton=0, id[0]=0, x[0]=1202.0, y[0]=590.0, toolType[0]=TOOL_TYPE_UNKNOWN, buttonState=0, metaState=0, flags=0x0, edgeFlags=0x0, pointerCount=1, historySize=0, eventTime=35049070, downTime=35049070, deviceId=0, source=0x1002 }
11-09 15:23:15.520 16707 16707 I Input   : injectMotionEvent: MotionEvent { action=ACTION_MOVE, actionButton=0, id[0]=0, x[0]=1202.0, y[0]=590.0, toolType[0]=TOOL_TYPE_UNKNOWN, buttonState=0, metaState=0, flags=0x0, edgeFlags=0x0, pointerCount=1, historySize=0, eventTime=35049087, downTime=35049087, deviceId=0, source=0x1002 }
11-09 15:23:15.537 16707 16707 I Input   : injectMotionEvent: MotionEvent { action=ACTION_MOVE, actionButton=0, id[0]=0, x[0]=1202.0, y[0]=590.0, toolType[0]=TOOL_TYPE_UNKNOWN, buttonState=0, metaState=0, flags=0x0, edgeFlags=0x0, pointerCount=1, historySize=0, eventTime=35049104, downTime=35049104, deviceId=0, source=0x1002 }
11-09 15:23:15.554 16707 16707 I Input   : injectMotionEvent: MotionEvent { action=ACTION_MOVE, actionButton=0, id[0]=0, x[0]=1202.0, y[0]=590.0, toolType[0]=TOOL_TYPE_UNKNOWN, buttonState=0, metaState=0, flags=0x0, edgeFlags=0x0, pointerCount=1, historySize=0, eventTime=35049121, downTime=35049121, deviceId=0, source=0x1002 }
11-09 15:23:15.571 16707 16707 I Input   : injectMotionEvent: MotionEvent { action=ACTION_MOVE, actionButton=0, id[0]=0, x[0]=1202.0, y[0]=590.0, toolType[0]=TOOL_TYPE_UNKNOWN, buttonState=0, metaState=0, flags=0x0, edgeFlags=0x0, pointerCount=1, historySize=0, eventTime=35049138, downTime=35049138, deviceId=0, source=0x1002 }
11-09 15:23:15.587 16707 16707 I Input   : injectMotionEvent: MotionEvent { action=ACTION_MOVE, actionButton=0, id[0]=0, x[0]=1202.0, y[0]=590.0, toolType[0]=TOOL_TYPE_UNKNOWN, buttonState=0, metaState=0, flags=0x0, edgeFlags=0x0, pointerCount=1, historySize=0, eventTime=35049155, downTime=35049155, deviceId=0, source=0x1002 }
11-09 15:23:15.604 16707 16707 I Input   : injectMotionEvent: MotionEvent { action=ACTION_MOVE, actionButton=0, id[0]=0, x[0]=1202.0, y[0]=590.0, toolType[0]=TOOL_TYPE_UNKNOWN, buttonState=0, metaState=0, flags=0x0, edgeFlags=0x0, pointerCount=1, historySize=0, eventTime=35049172, downTime=35049172, deviceId=0, source=0x1002 }
11-09 15:23:15.621 16707 16707 I Input   : injectMotionEvent: MotionEvent { action=ACTION_MOVE, actionButton=0, id[0]=0, x[0]=1202.0, y[0]=590.0, toolType[0]=TOOL_TYPE_UNKNOWN, buttonState=0, metaState=0, flags=0x0, edgeFlags=0x0, pointerCount=1, historySize=0, eventTime=35049188, downTime=35049188, deviceId=0, source=0x1002 }
11-09 15:23:15.638 16707 16707 I Input   : injectMotionEvent: MotionEvent { action=ACTION_MOVE, actionButton=0, id[0]=0, x[0]=1202.0, y[0]=590.0, toolType[0]=TOOL_TYPE_UNKNOWN, buttonState=0, metaState=0, flags=0x0, edgeFlags=0x0, pointerCount=1, historySize=0, eventTime=35049205, downTime=35049205, deviceId=0, source=0x1002 }
11-09 15:23:15.654  1893  2213 I GnssLocationProvider: WakeLock acquired by sendMessage(REPORT_SV_STATUS, 0, com.android.server.location.GnssLocationProvider$SvStatusInfo@9c55d79)
11-09 15:23:15.655  1893  1909 I GnssLocationProvider: WakeLock released by handleMessage(REPORT_SV_STATUS, 0, com.android.server.location.GnssLocationProvider$SvStatusInfo@9c55d79)
11-09 15:23:15.655 16707 16707 I Input   : injectMotionEvent: MotionEvent { action=ACTION_MOVE, actionButton=0, id[0]=0, x[0]=1202.0, y[0]=590.0, toolType[0]=TOOL_TYPE_UNKNOWN, buttonState=0, metaState=0, flags=0x0, edgeFlags=0x0, pointerCount=1, historySize=0, eventTime=35049222, downTime=35049222, deviceId=0, source=0x1002 }
11-09 15:23:15.672 16707 16707 I Input   : injectMotionEvent: MotionEvent { action=ACTION_MOVE, actionButton=0, id[0]=0, x[0]=1202.0, y[0]=590.0, toolType[0]=TOOL_TYPE_UNKNOWN, buttonState=0, metaState=0, flags=0x0, edgeFlags=0x0, pointerCount=1, historySize=0, eventTime=35049239, downTime=35049239, deviceId=0, source=0x1002 }
11-09 15:23:15.688 16707 16707 I Input   : injectMotionEvent: MotionEvent { action=ACTION_UP, actionButton=0, id[0]=0, x[0]=1202.0, y[0]=590.0, toolType[0]=TOOL_TYPE_UNKNOWN, buttonState=0, metaState=0, flags=0x0, edgeFlags=0x0, pointerCount=1, historySize=0, eventTime=35049256, downTime=35049256, deviceId=0, source=0x1002 }
11-09 15:23:15.698  1631  4911 W audio_hw_generic: Not supplying enough data to HAL, expected position 55481255 , only wrote 55481040
11-09 15:23:16.654  1893  2213 I GnssLocationProvider: WakeLock acquired by sendMessage(REPORT_SV_STATUS, 0, com.android.server.location.GnssLocationProvider$SvStatusInfo@19dabe)
11-09 15:23:16.655  1893  1909 I GnssLocationProvider: WakeLock released by handleMessage(REPORT_SV_STATUS, 0, com.android.server.location.GnssLocationProvider$SvStatusInfo@19dabe)
11-09 15:23:16.666  1760  1827 E storaged: getDiskStats failed with result NOT_SUPPORTED and size 0
11-09 15:23:16.816  1747  2460 E SurfaceFlinger: ro.sf.lcd_density must be defined as a build property
11-09 15:23:16.824 16732 16732 E eglCodecCommon: GoldfishAddressSpaceHostMemoryAllocator: ioctl_ping failed for device_type=5, ret=-1
11-09 15:23:17.061  1893  1910 W BroadcastQueue: Background execution not allowed: receiving Intent { act=android.intent.action.DROPBOX_ENTRY_ADDED flg=0x10 (has extras) } to com.google.android.gms/.stats.service.DropBoxEntryAddedReceiver
11-09 15:23:17.061  1893  1910 W BroadcastQueue: Background execution not allowed: receiving Intent { act=android.intent.action.DROPBOX_ENTRY_ADDED flg=0x10 (has extras) } to com.google.android.gms/.chimera.GmsIntentOperationService$PersistentTrustedReceiver
11-09 15:23:17.227  1747  2460 E SurfaceFlinger: ro.sf.lcd_density must be defined as a build property
11-09 15:23:17.239 16765 16765 E eglCodecCommon: GoldfishAddressSpaceHostMemoryAllocator: ioctl_ping failed for device_type=5, ret=-1
11-09 15:23:17.497  1893  1910 W BroadcastQueue: Background execution not allowed: receiving Intent { act=android.intent.action.DROPBOX_ENTRY_ADDED flg=0x10 (has extras) } to com.google.android.gms/.stats.service.DropBoxEntryAddedReceiver
11-09 15:23:17.497  1893  1910 W BroadcastQueue: Background execution not allowed: receiving Intent { act=android.intent.action.DROPBOX_ENTRY_ADDED flg=0x10 (has extras) } to com.google.android.gms/.chimera.GmsIntentOperationService$PersistentTrustedReceiver
11-09 15:23:17.601  1747  2460 E SurfaceFlinger: ro.sf.lcd_density must be defined as a build property
11-09 15:23:17.610 16796 16796 E eglCodecCommon: GoldfishAddressSpaceHostMemoryAllocator: ioctl_ping failed for device_type=5, ret=-1
11-09 15:23:17.654  1893  2213 I GnssLocationProvider: WakeLock acquired by sendMessage(REPORT_SV_STATUS, 0, com.android.server.location.GnssLocationProvider$SvStatusInfo@d1621b3)
11-09 15:23:17.654  1893  1909 I GnssLocationProvider: WakeLock released by handleMessage(REPORT_SV_STATUS, 0, com.android.server.location.GnssLocationProvider$SvStatusInfo@d1621b3)
11-09 15:23:17.844  1893  1910 W BroadcastQueue: Background execution not allowed: receiving Intent { act=android.intent.action.DROPBOX_ENTRY_ADDED flg=0x10 (has extras) } to com.google.android.gms/.stats.service.DropBoxEntryAddedReceiver
11-09 15:23:17.844  1893  1910 W BroadcastQueue: Background execution not allowed: receiving Intent { act=android.intent.action.DROPBOX_ENTRY_ADDED flg=0x10 (has extras) } to com.google.android.gms/.chimera.GmsIntentOperationService$PersistentTrustedReceiver
11-09 15:23:17.874  1893  1910 W BroadcastQueue: Background execution not allowed: receiving Intent { act=android.intent.action.DROPBOX_ENTRY_ADDED flg=0x10 (has extras) } to com.google.android.gms/.stats.service.DropBoxEntryAddedReceiver
11-09 15:23:17.874  1893  1910 W BroadcastQueue: Background execution not allowed: receiving Intent { act=android.intent.action.DROPBOX_ENTRY_ADDED flg=0x10 (has extras) } to com.google.android.gms/.chimera.GmsIntentOperationService$PersistentTrustedReceiver
11-09 15:23:17.903  1893  1910 W BroadcastQueue: Background execution not allowed: receiving Intent { act=android.intent.action.DROPBOX_ENTRY_ADDED flg=0x10 (has extras) } to com.google.android.gms/.stats.service.DropBoxEntryAddedReceiver
11-09 15:23:17.903  1893  1910 W BroadcastQueue: Background execution not allowed: receiving Intent { act=android.intent.action.DROPBOX_ENTRY_ADDED flg=0x10 (has extras) } to com.google.android.gms/.chimera.GmsIntentOperationService$PersistentTrustedReceiver
11-09 15:23:17.932  1893  1910 W BroadcastQueue: Background execution not allowed: receiving Intent { act=android.intent.action.DROPBOX_ENTRY_ADDED flg=0x10 (has extras) } to com.google.android.gms/.stats.service.DropBoxEntryAddedReceiver
11-09 15:23:17.932  1893  1910 W BroadcastQueue: Background execution not allowed: receiving Intent { act=android.intent.action.DROPBOX_ENTRY_ADDED flg=0x10 (has extras) } to com.google.android.gms/.chimera.GmsIntentOperationService$PersistentTrustedReceiver
11-09 15:23:18.048 16841 16841 W app_process: Unexpected CPU variant for X86 using defaults: x86
11-09 15:23:18.049 16841 16841 I app_process: The ClassLoaderContext is a special shared library.
11-09 15:23:18.061 16841 16841 I Input   : injectMotionEvent: MotionEvent { action=ACTION_DOWN, actionButton=0, id[0]=0, x[0]=720.0, y[0]=1443.0, toolType[0]=TOOL_TYPE_UNKNOWN, buttonState=0, metaState=0, flags=0x0, edgeFlags=0x0, pointerCount=1, historySize=0, eventTime=35051628, downTime=35051628, deviceId=0, source=0x1002 }
11-09 15:23:18.062 16841 16841 I Input   : injectMotionEvent: MotionEvent { action=ACTION_MOVE, actionButton=0, id[0]=0, x[0]=720.0, y[0]=1443.0, toolType[0]=TOOL_TYPE_UNKNOWN, buttonState=0, metaState=0, flags=0x0, edgeFlags=0x0, pointerCount=1, historySize=0, eventTime=35051628, downTime=35051628, deviceId=0, source=0x1002 }
11-09 15:23:18.077 16841 16841 I Input   : injectMotionEvent: MotionEvent { action=ACTION_MOVE, actionButton=0, id[0]=0, x[0]=720.0, y[0]=1443.0, toolType[0]=TOOL_TYPE_UNKNOWN, buttonState=0, metaState=0, flags=0x0, edgeFlags=0x0, pointerCount=1, historySize=0, eventTime=35051644, downTime=35051644, deviceId=0, source=0x1002 }
11-09 15:23:18.094 16841 16841 I Input   : injectMotionEvent: MotionEvent { action=ACTION_MOVE, actionButton=0, id[0]=0, x[0]=720.0, y[0]=1443.0, toolType[0]=TOOL_TYPE_UNKNOWN, buttonState=0, metaState=0, flags=0x0, edgeFlags=0x0, pointerCount=1, historySize=0, eventTime=35051661, downTime=35051661, deviceId=0, source=0x1002 }
11-09 15:23:18.111 16841 16841 I Input   : injectMotionEvent: MotionEvent { action=ACTION_MOVE, actionButton=0, id[0]=0, x[0]=720.0, y[0]=1443.0, toolType[0]=TOOL_TYPE_UNKNOWN, buttonState=0, metaState=0, flags=0x0, edgeFlags=0x0, pointerCount=1, historySize=0, eventTime=35051678, downTime=35051678, deviceId=0, source=0x1002 }
11-09 15:23:18.127 16841 16841 I Input   : injectMotionEvent: MotionEvent { action=ACTION_MOVE, actionButton=0, id[0]=0, x[0]=720.0, y[0]=1443.0, toolType[0]=TOOL_TYPE_UNKNOWN, buttonState=0, metaState=0, flags=0x0, edgeFlags=0x0, pointerCount=1, historySize=0, eventTime=35051695, downTime=35051695, deviceId=0, source=0x1002 }
11-09 15:23:18.144 16841 16841 I Input   : injectMotionEvent: MotionEvent { action=ACTION_MOVE, actionButton=0, id[0]=0, x[0]=720.0, y[0]=1443.0, toolType[0]=TOOL_TYPE_UNKNOWN, buttonState=0, metaState=0, flags=0x0, edgeFlags=0x0, pointerCount=1, historySize=0, eventTime=35051712, downTime=35051712, deviceId=0, source=0x1002 }
11-09 15:23:18.163 16841 16841 I Input   : injectMotionEvent: MotionEvent { action=ACTION_MOVE, actionButton=0, id[0]=0, x[0]=720.0, y[0]=1443.0, toolType[0]=TOOL_TYPE_UNKNOWN, buttonState=0, metaState=0, flags=0x0, edgeFlags=0x0, pointerCount=1, historySize=0, eventTime=35051730, downTime=35051730, deviceId=0, source=0x1002 }
11-09 15:23:18.178 16841 16841 I Input   : injectMotionEvent: MotionEvent { action=ACTION_MOVE, actionButton=0, id[0]=0, x[0]=720.0, y[0]=1443.0, toolType[0]=TOOL_TYPE_UNKNOWN, buttonState=0, metaState=0, flags=0x0, edgeFlags=0x0, pointerCount=1, historySize=0, eventTime=35051745, downTime=35051745, deviceId=0, source=0x1002 }
11-09 15:23:18.195 16841 16841 I Input   : injectMotionEvent: MotionEvent { action=ACTION_MOVE, actionButton=0, id[0]=0, x[0]=720.0, y[0]=1443.0, toolType[0]=TOOL_TYPE_UNKNOWN, buttonState=0, metaState=0, flags=0x0, edgeFlags=0x0, pointerCount=1, historySize=0, eventTime=35051762, downTime=35051762, deviceId=0, source=0x1002 }
11-09 15:23:18.211 16841 16841 I Input   : injectMotionEvent: MotionEvent { action=ACTION_MOVE, actionButton=0, id[0]=0, x[0]=720.0, y[0]=1443.0, toolType[0]=TOOL_TYPE_UNKNOWN, buttonState=0, metaState=0, flags=0x0, edgeFlags=0x0, pointerCount=1, historySize=0, eventTime=35051779, downTime=35051779, deviceId=0, source=0x1002 }
11-09 15:23:18.228 16841 16841 I Input   : injectMotionEvent: MotionEvent { action=ACTION_MOVE, actionButton=0, id[0]=0, x[0]=720.0, y[0]=1443.0, toolType[0]=TOOL_TYPE_UNKNOWN, buttonState=0, metaState=0, flags=0x0, edgeFlags=0x0, pointerCount=1, historySize=0, eventTime=35051796, downTime=35051796, deviceId=0, source=0x1002 }
11-09 15:23:18.245 16841 16841 I Input   : injectMotionEvent: MotionEvent { action=ACTION_MOVE, actionButton=0, id[0]=0, x[0]=720.0, y[0]=1443.0, toolType[0]=TOOL_TYPE_UNKNOWN, buttonState=0, metaState=0, flags=0x0, edgeFlags=0x0, pointerCount=1, historySize=0, eventTime=35051813, downTime=35051813, deviceId=0, source=0x1002 }
11-09 15:23:18.262 16841 16841 I Input   : injectMotionEvent: MotionEvent { action=ACTION_UP, actionButton=0, id[0]=0, x[0]=720.0, y[0]=1443.0, toolType[0]=TOOL_TYPE_UNKNOWN, buttonState=0, metaState=0, flags=0x0, edgeFlags=0x0, pointerCount=1, historySize=0, eventTime=35051830, downTime=35051830, deviceId=0, source=0x1002 }
11-09 15:23:18.265  1893  2542 I ActivityManager: START u0 {cmp=com.bmi.bmr.calculator.tracker.health.tdee/.CalculatorsResultActivity (has extras)} from uid 10107
11-09 15:23:18.275 15913 15913 W ActivityThread: handleWindowVisibility: no activity for token android.os.BinderProxy@39e3fd0
11-09 15:23:18.348  1893  1918 I ActivityManager: Displayed com.bmi.bmr.calculator.tracker.health.tdee/.CalculatorsResultActivity: +75ms
11-09 15:23:18.365 15913 15951 I chatty  : uid=10107(com.bmi.bmr.calculator.tracker.health.tdee) RenderThread identical 2 lines
11-09 15:23:18.654  1893  2213 I GnssLocationProvider: WakeLock acquired by sendMessage(REPORT_SV_STATUS, 0, com.android.server.location.GnssLocationProvider$SvStatusInfo@b0e8700)
11-09 15:23:18.655  1893  1909 I GnssLocationProvider: WakeLock released by handleMessage(REPORT_SV_STATUS, 0, com.android.server.location.GnssLocationProvider$SvStatusInfo@b0e8700)
11-09 15:23:18.834  1747  1747 W SurfaceFlinger: couldn't log to binary event log: overflow.
11-09 15:23:19.391  1747  2025 E SurfaceFlinger: ro.sf.lcd_density must be defined as a build property
11-09 15:23:19.406 16876 16876 E eglCodecCommon: GoldfishAddressSpaceHostMemoryAllocator: ioctl_ping failed for device_type=5, ret=-1
11-09 15:23:19.468  8516  9826 W native  : vr_photo_detector.cc:47  Could not read file: /storage/emulated/0/screen_2023-11-09_152309.png
11-09 15:23:19.540  8516  9826 W native  : vr_photo_detector.cc:47  Could not read file: /storage/emulated/0/screen_2023-10-27_153758.png
11-09 15:23:19.541  8516  9827 W native  : vr_photo_detector.cc:47  Could not read file: /storage/emulated/0/screen_2023-10-27_153336.png
11-09 15:23:19.545  8516  9826 W native  : vr_photo_detector.cc:47  Could not read file: /storage/emulated/0/screen_2023-10-27_154120.png
11-09 15:23:19.547  8516  9827 W native  : vr_photo_detector.cc:47  Could not read file: /storage/emulated/0/screen_2023-10-27_154204.png
11-09 15:23:19.550  8516  9826 W native  : vr_photo_detector.cc:47  Could not read file: /storage/emulated/0/screen_2023-10-27_154215.png
11-09 15:23:19.553  8516  9827 W native  : vr_photo_detector.cc:47  Could not read file: /storage/emulated/0/screen_2023-10-27_154307.png
11-09 15:23:19.557  8516  9826 W native  : vr_photo_detector.cc:47  Could not read file: /storage/emulated/0/screen_2023-10-27_154531.png
11-09 15:23:19.559  8516  9827 W native  : vr_photo_detector.cc:47  Could not read file: /storage/emulated/0/screen_2023-10-27_154612.png
11-09 15:23:19.563  8516  9826 W native  : vr_photo_detector.cc:47  Could not read file: /storage/emulated/0/screen_2023-10-27_154734.png
11-09 15:23:19.564  8516  9827 W native  : vr_photo_detector.cc:47  Could not read file: /storage/emulated/0/screen_2023-10-27_154913.png
11-09 15:23:19.568  8516  9826 W native  : vr_photo_detector.cc:47  Could not read file: /storage/emulated/0/screen_2023-10-27_154922.png
11-09 15:23:19.569  8516  9827 W native  : vr_photo_detector.cc:47  Could not read file: /storage/emulated/0/screen_2023-10-27_155047.png
11-09 15:23:19.573  8516  9826 W native  : vr_photo_detector.cc:47  Could not read file: /storage/emulated/0/screen_2023-10-27_155825.png
11-09 15:23:19.575  8516  9827 W native  : vr_photo_detector.cc:47  Could not read file: /storage/emulated/0/screen_2023-10-27_160325.png
11-09 15:23:19.577  8516  9826 W native  : vr_photo_detector.cc:47  Could not read file: /storage/emulated/0/screen_2023-10-27_160351.png
11-09 15:23:19.580  8516  9827 W native  : vr_photo_detector.cc:47  Could not read file: /storage/emulated/0/screen_2023-10-27_160443.png
11-09 15:23:19.582  8516  9826 W native  : vr_photo_detector.cc:47  Could not read file: /storage/emulated/0/screen_2023-10-27_160637.png
11-09 15:23:19.584  8516  9827 W native  : vr_photo_detector.cc:47  Could not read file: /storage/emulated/0/screen_2023-10-27_160722.png
11-09 15:23:19.587  8516  9826 W native  : vr_photo_detector.cc:47  Could not read file: /storage/emulated/0/screen_2023-10-27_161346.png
11-09 15:23:19.603  8516  9826 W native  : vr_photo_detector.cc:47  Could not read file: /storage/emulated/0/screen_2023-10-27_161923.png
11-09 15:23:19.607  8516  9826 W native  : vr_photo_detector.cc:47  Could not read file: /storage/emulated/0/screen_2023-10-27_162420.png
11-09 15:23:19.608  8516  9827 W native  : vr_photo_detector.cc:47  Could not read file: /storage/emulated/0/screen_2023-10-27_161536.png
11-09 15:23:19.613  8516  9826 W native  : vr_photo_detector.cc:47  Could not read file: /storage/emulated/0/screen_2023-10-27_162455.png
11-09 15:23:19.617  8516  9827 W native  : vr_photo_detector.cc:47  Could not read file: /storage/emulated/0/screen_2023-10-27_162725.png
11-09 15:23:19.618  8516  9826 W native  : vr_photo_detector.cc:47  Could not read file: /storage/emulated/0/screen_2023-10-27_162734.png
11-09 15:23:19.621  8516  9827 W native  : vr_photo_detector.cc:47  Could not read file: /storage/emulated/0/screen_2023-10-27_163214.png
11-09 15:23:19.623  8516  9826 W native  : vr_photo_detector.cc:47  Could not read file: /storage/emulated/0/screen_2023-10-27_163442.png
11-09 15:23:19.626  8516  9827 W native  : vr_photo_detector.cc:47  Could not read file: /storage/emulated/0/screen_2023-10-27_163520.png
11-09 15:23:19.628  8516  9826 W native  : vr_photo_detector.cc:47  Could not read file: /storage/emulated/0/screen_2023-10-27_163529.png
11-09 15:23:19.632  8516  9826 W native  : vr_photo_detector.cc:47  Could not read file: /storage/emulated/0/screen_2023-10-27_163909.png
11-09 15:23:19.633  8516  9827 W native  : vr_photo_detector.cc:47  Could not read file: /storage/emulated/0/screen_2023-10-27_163827.png
11-09 15:23:19.641  8516  9826 W native  : vr_photo_detector.cc:47  Could not read file: /storage/emulated/0/screen_2023-10-27_164804.png
11-09 15:23:19.642  8516  9827 W native  : vr_photo_detector.cc:47  Could not read file: /storage/emulated/0/screen_2023-10-27_164844.png
11-09 15:23:19.646  8516  9826 W native  : vr_photo_detector.cc:47  Could not read file: /storage/emulated/0/screen_2023-10-27_165011.png
11-09 15:23:19.647  8516  9827 W native  : vr_photo_detector.cc:47  Could not read file: /storage/emulated/0/screen_2023-10-27_165158.png
11-09 15:23:19.651  8516  9826 W native  : vr_photo_detector.cc:47  Could not read file: /storage/emulated/0/screen_2023-10-27_165335.png
11-09 15:23:19.652  8516  9827 W native  : vr_photo_detector.cc:47  Could not read file: /storage/emulated/0/screen_2023-10-27_165411.png
11-09 15:23:19.654  1893  2213 I GnssLocationProvider: WakeLock acquired by sendMessage(REPORT_SV_STATUS, 0, com.android.server.location.GnssLocationProvider$SvStatusInfo@b96d4a9)
11-09 15:23:19.654  1893  1909 I GnssLocationProvider: WakeLock released by handleMessage(REPORT_SV_STATUS, 0, com.android.server.location.GnssLocationProvider$SvStatusInfo@b96d4a9)
11-09 15:23:19.657  8516  9826 W native  : vr_photo_detector.cc:47  Could not read file: /storage/emulated/0/screen_2023-10-27_165625.png
11-09 15:23:19.661  8516  9827 W native  : vr_photo_detector.cc:47  Could not read file: /storage/emulated/0/screen_2023-10-27_165825.png
11-09 15:23:19.663  8516  9826 W native  : vr_photo_detector.cc:47  Could not read file: /storage/emulated/0/screen_2023-10-27_170106.png
11-09 15:23:19.666  8516  9827 W native  : vr_photo_detector.cc:47  Could not read file: /storage/emulated/0/screen_2023-10-27_170237.png
11-09 15:23:19.667  8516  9826 W native  : vr_photo_detector.cc:47  Could not read file: /storage/emulated/0/screen_2023-10-27_170526.png
11-09 15:23:19.669  1893  1910 W BroadcastQueue: Background execution not allowed: receiving Intent { act=android.intent.action.DROPBOX_ENTRY_ADDED flg=0x10 (has extras) } to com.google.android.gms/.stats.service.DropBoxEntryAddedReceiver
11-09 15:23:19.669  1893  1910 W BroadcastQueue: Background execution not allowed: receiving Intent { act=android.intent.action.DROPBOX_ENTRY_ADDED flg=0x10 (has extras) } to com.google.android.gms/.chimera.GmsIntentOperationService$PersistentTrustedReceiver
