08-18 17:53:45.550  1954  1976 E memtrack: Couldn't load memtrack module
08-18 17:53:45.550  1954  1976 W android.os.Debug: failed to get memory consumption info: -1
08-18 17:53:45.739  1954  1976 E memtrack: Couldn't load memtrack module
08-18 17:53:45.739  1954  1976 W android.os.Debug: failed to get memory consumption info: -1
08-18 17:53:45.776  1954  1977 W BroadcastQueue: Background execution not allowed: receiving Intent { act=android.intent.action.DROPBOX_ENTRY_ADDED flg=0x10 (has extras) } to com.google.android.gms/.stats.service.DropBoxEntryAddedReceiver
08-18 17:53:45.776  1954  1977 W BroadcastQueue: Background execution not allowed: receiving Intent { act=android.intent.action.DROPBOX_ENTRY_ADDED flg=0x10 (has extras) } to com.google.android.gms/.chimera.GmsIntentOperationService$PersistentTrustedReceiver
08-18 17:53:45.874  1795  2043 E SurfaceFlinger: ro.sf.lcd_density must be defined as a build property
08-18 17:53:45.883 18902 18902 E eglCodecCommon: GoldfishAddressSpaceHostMemoryAllocator: ioctl_ping failed for device_type=5, ret=-1
08-18 17:53:46.119  1954  1977 W BroadcastQueue: Background execution not allowed: receiving Intent { act=android.intent.action.DROPBOX_ENTRY_ADDED flg=0x10 (has extras) } to com.google.android.gms/.stats.service.DropBoxEntryAddedReceiver
08-18 17:53:46.119  1954  1977 W BroadcastQueue: Background execution not allowed: receiving Intent { act=android.intent.action.DROPBOX_ENTRY_ADDED flg=0x10 (has extras) } to com.google.android.gms/.chimera.GmsIntentOperationService$PersistentTrustedReceiver
08-18 17:53:46.162  1954  2294 I GnssLocationProvider: WakeLock acquired by sendMessage(REPORT_SV_STATUS, 0, com.android.server.location.GnssLocationProvider$SvStatusInfo@4ce6410)
08-18 17:53:46.162  1954  1976 I GnssLocationProvider: WakeLock released by handleMessage(REPORT_SV_STATUS, 0, com.android.server.location.GnssLocationProvider$SvStatusInfo@4ce6410)
08-18 17:53:46.863  2590  2858 E Ads     : Error waiting for future.
08-18 17:53:46.863  2590  2858 E Ads     : java.util.concurrent.ExecutionException: bshe: Timed out: bsdx@95b0363[status=PENDING, info=[inputFuture=[com.google.android.gms.ads.internal.util.future.h@85acb60], function=[com.google.android.gms.ads.internal.request.service.c@4e00819]]]
08-18 17:53:46.863  2590  2858 E Ads     : 	at bsdv.a(:com.google.android.gms@202414022@20.24.14 (040700-319035315):19)
08-18 17:53:46.863  2590  2858 E Ads     : 	at bsdv.get(:com.google.android.gms@202414022@20.24.14 (040700-319035315):22)
08-18 17:53:46.863  2590  2858 E Ads     : 	at com.google.android.gms.ads.internal.util.future.g.a(:com.google.android.gms@202414022@20.24.14 (040700-319035315):1)
08-18 17:53:46.863  2590  2858 E Ads     : 	at com.google.android.gms.ads.internal.request.service.g.a(:com.google.android.gms@202414022@20.24.14 (040700-319035315):51)
08-18 17:53:46.863  2590  2858 E Ads     : 	at com.google.android.gms.ads.internal.request.service.g.a(:com.google.android.gms@202414022@20.24.14 (040700-319035315):110)
08-18 17:53:46.863  2590  2858 E Ads     : 	at com.google.android.gms.ads.internal.request.service.e.run(:com.google.android.gms@202414022@20.24.14 (040700-319035315):1)
08-18 17:53:46.863  2590  2858 E Ads     : 	at java.util.concurrent.Executors$RunnableAdapter.call(Executors.java:458)
08-18 17:53:46.863  2590  2858 E Ads     : 	at bshh.b(:com.google.android.gms@202414022@20.24.14 (040700-319035315):0)
08-18 17:53:46.863  2590  2858 E Ads     : 	at bsgh.run(:com.google.android.gms@202414022@20.24.14 (040700-319035315):3)
08-18 17:53:46.863  2590  2858 E Ads     : 	at bshi.run(:com.google.android.gms@202414022@20.24.14 (040700-319035315):0)
08-18 17:53:46.863  2590  2858 E Ads     : 	at soy.b(:com.google.android.gms@202414022@20.24.14 (040700-319035315):12)
08-18 17:53:46.863  2590  2858 E Ads     : 	at soy.run(:com.google.android.gms@202414022@20.24.14 (040700-319035315):7)
08-18 17:53:46.863  2590  2858 E Ads     : 	at java.util.concurrent.ThreadPoolExecutor.runWorker(ThreadPoolExecutor.java:1167)
08-18 17:53:46.863  2590  2858 E Ads     : 	at java.util.concurrent.ThreadPoolExecutor$Worker.run(ThreadPoolExecutor.java:641)
08-18 17:53:46.863  2590  2858 E Ads     : 	at sux.run(:com.google.android.gms@202414022@20.24.14 (040700-319035315):0)
08-18 17:53:46.863  2590  2858 E Ads     : 	at java.lang.Thread.run(Thread.java:764)
08-18 17:53:46.863  2590  2858 E Ads     : Caused by: bshe: Timed out: bsdx@95b0363[status=PENDING, info=[inputFuture=[com.google.android.gms.ads.internal.util.future.h@85acb60], function=[com.google.android.gms.ads.internal.request.service.c@4e00819]]]
08-18 17:53:46.864 18061 18356 W Ads     : There was a problem getting an ad response. ErrorCode: 0
08-18 17:53:46.865 18061 18061 W Ads     : Failed to load ad: 0
08-18 17:53:46.868 18061 18061 I chromium: [INFO:CONSOLE(156)] "[object Event]", source: file:///android_asset/www/js/index.js (156)
08-18 17:53:46.869  2590 18248 E Ads     : Error waiting for future.
08-18 17:53:46.869  2590 18248 E Ads     : java.util.concurrent.ExecutionException: bshe: Timed out: bsdx@be00cd5[status=PENDING, info=[inputFuture=[com.google.android.gms.ads.internal.util.future.h@40c8cea], function=[com.google.android.gms.ads.internal.request.service.c@4e00819]]]
08-18 17:53:46.869  2590 18248 E Ads     : 	at bsdv.a(:com.google.android.gms@202414022@20.24.14 (040700-319035315):19)
08-18 17:53:46.869  2590 18248 E Ads     : 	at bsdv.get(:com.google.android.gms@202414022@20.24.14 (040700-319035315):22)
08-18 17:53:46.869  2590 18248 E Ads     : 	at com.google.android.gms.ads.internal.util.future.g.a(:com.google.android.gms@202414022@20.24.14 (040700-319035315):1)
08-18 17:53:46.869  2590 18248 E Ads     : 	at com.google.android.gms.ads.internal.request.service.g.a(:com.google.android.gms@202414022@20.24.14 (040700-319035315):51)
08-18 17:53:46.869  2590 18248 E Ads     : 	at com.google.android.gms.ads.internal.request.service.g.a(:com.google.android.gms@202414022@20.24.14 (040700-319035315):110)
08-18 17:53:46.869  2590 18248 E Ads     : 	at com.google.android.gms.ads.internal.request.service.e.run(:com.google.android.gms@202414022@20.24.14 (040700-319035315):1)
08-18 17:53:46.869  2590 18248 E Ads     : 	at java.util.concurrent.Executors$RunnableAdapter.call(Executors.java:458)
08-18 17:53:46.869  2590 18248 E Ads     : 	at bshh.b(:com.google.android.gms@202414022@20.24.14 (040700-319035315):0)
08-18 17:53:46.869  2590 18248 E Ads     : 	at bsgh.run(:com.google.android.gms@202414022@20.24.14 (040700-319035315):3)
08-18 17:53:46.869  2590 18248 E Ads     : 	at bshi.run(:com.google.android.gms@202414022@20.24.14 (040700-319035315):0)
08-18 17:53:46.869  2590 18248 E Ads     : 	at soy.b(:com.google.android.gms@202414022@20.24.14 (040700-319035315):12)
08-18 17:53:46.869  2590 18248 E Ads     : 	at soy.run(:com.google.android.gms@202414022@20.24.14 (040700-319035315):7)
08-18 17:53:46.869  2590 18248 E Ads     : 	at java.util.concurrent.ThreadPoolExecutor.runWorker(ThreadPoolExecutor.java:1167)
08-18 17:53:46.869  2590 18248 E Ads     : 	at java.util.concurrent.ThreadPoolExecutor$Worker.run(ThreadPoolExecutor.java:641)
08-18 17:53:46.869  2590 18248 E Ads     : 	at sux.run(:com.google.android.gms@202414022@20.24.14 (040700-319035315):0)
08-18 17:53:46.869  2590 18248 E Ads     : 	at java.lang.Thread.run(Thread.java:764)
08-18 17:53:46.869  2590 18248 E Ads     : Caused by: bshe: Timed out: bsdx@be00cd5[status=PENDING, info=[inputFuture=[com.google.android.gms.ads.internal.util.future.h@40c8cea], function=[com.google.android.gms.ads.internal.request.service.c@4e00819]]]
08-18 17:53:46.869 18061 18356 W Ads     : There was a problem getting an ad response. ErrorCode: 0
08-18 17:53:46.869 18061 18061 W Ads     : Failed to load ad: 0
08-18 17:53:46.870 18061 18061 I chromium: [INFO:CONSOLE(160)] "[object Event]", source: file:///android_asset/www/js/index.js (160)
08-18 17:53:46.896  1641  1641 E lowmemorykiller: Error writing /proc/18298/oom_score_adj; errno=22
08-18 17:53:46.903  2116  2116 I Zygote  : Process 18298 exited cleanly (0)
08-18 17:53:46.904  1954  2735 I ActivityManager: Process com.android.chrome:sandboxed_process1 (pid 18298) has died: cch  CEM 
08-18 17:53:46.904  1954  2735 W ActivityManager: Scheduling restart of crashed service com.google.android.gms/org.chromium.content.app.SandboxedProcessService1 in 1000ms
08-18 17:53:46.904  2590  3668 W cr_ChildProcessConn: onServiceDisconnected (crash or killed by oom): pid=18298
08-18 17:53:46.905  1954  1980 W libprocessgroup: Failed to open process cgroup uid 99005 pid 18298: No such file or directory
08-18 17:53:46.905  1954  1980 E libprocessgroup: Error encountered killing process cgroup uid 99005 pid 18298: No such file or directory
08-18 17:53:47.161  1954  2294 I GnssLocationProvider: WakeLock acquired by sendMessage(REPORT_SV_STATUS, 0, com.android.server.location.GnssLocationProvider$SvStatusInfo@dcbe3e6)
08-18 17:53:47.161  1954  1976 I GnssLocationProvider: WakeLock released by handleMessage(REPORT_SV_STATUS, 0, com.android.server.location.GnssLocationProvider$SvStatusInfo@dcbe3e6)
08-18 17:53:47.233  1795  2043 E SurfaceFlinger: ro.sf.lcd_density must be defined as a build property
08-18 17:53:47.242 18939 18939 E eglCodecCommon: GoldfishAddressSpaceHostMemoryAllocator: ioctl_ping failed for device_type=5, ret=-1
08-18 17:53:47.398  2590 15688 W cklr    : [{0}] Failed to resolve name. status={1}
08-18 17:53:47.485  1954  1977 W BroadcastQueue: Background execution not allowed: receiving Intent { act=android.intent.action.DROPBOX_ENTRY_ADDED flg=0x10 (has extras) } to com.google.android.gms/.stats.service.DropBoxEntryAddedReceiver
08-18 17:53:47.485  1954  1977 W BroadcastQueue: Background execution not allowed: receiving Intent { act=android.intent.action.DROPBOX_ENTRY_ADDED flg=0x10 (has extras) } to com.google.android.gms/.chimera.GmsIntentOperationService$PersistentTrustedReceiver
08-18 17:53:47.584  1795  2043 E SurfaceFlinger: ro.sf.lcd_density must be defined as a build property
08-18 17:53:47.592 18973 18973 E eglCodecCommon: GoldfishAddressSpaceHostMemoryAllocator: ioctl_ping failed for device_type=5, ret=-1
08-18 17:53:47.822  1954  1977 W BroadcastQueue: Background execution not allowed: receiving Intent { act=android.intent.action.DROPBOX_ENTRY_ADDED flg=0x10 (has extras) } to com.google.android.gms/.stats.service.DropBoxEntryAddedReceiver
08-18 17:53:47.822  1954  1977 W BroadcastQueue: Background execution not allowed: receiving Intent { act=android.intent.action.DROPBOX_ENTRY_ADDED flg=0x10 (has extras) } to com.google.android.gms/.chimera.GmsIntentOperationService$PersistentTrustedReceiver
08-18 17:53:47.919  1795  2043 E SurfaceFlinger: ro.sf.lcd_density must be defined as a build property
08-18 17:53:47.926 19004 19004 E eglCodecCommon: GoldfishAddressSpaceHostMemoryAllocator: ioctl_ping failed for device_type=5, ret=-1
08-18 17:53:48.159  1954  1977 W BroadcastQueue: Background execution not allowed: receiving Intent { act=android.intent.action.DROPBOX_ENTRY_ADDED flg=0x10 (has extras) } to com.google.android.gms/.stats.service.DropBoxEntryAddedReceiver
08-18 17:53:48.159  1954  1977 W BroadcastQueue: Background execution not allowed: receiving Intent { act=android.intent.action.DROPBOX_ENTRY_ADDED flg=0x10 (has extras) } to com.google.android.gms/.chimera.GmsIntentOperationService$PersistentTrustedReceiver
08-18 17:53:48.161  1954  2294 I GnssLocationProvider: WakeLock acquired by sendMessage(REPORT_SV_STATUS, 0, com.android.server.location.GnssLocationProvider$SvStatusInfo@2f1872b)
08-18 17:53:48.162  1954  1976 I GnssLocationProvider: WakeLock released by handleMessage(REPORT_SV_STATUS, 0, com.android.server.location.GnssLocationProvider$SvStatusInfo@2f1872b)
